Microsoft (R) Macro Assembler Version 14.00.24210.0	    04/26/26 16:23:11
Game.asm						     Page 1 - 1


				; This will handle the game logic

				INCLUDE Irvine32.inc
			      C ; Include file for Irvine32.lib             (Irvine32.inc)
			      C 
			      C ;OPTION CASEMAP:NONE		; optional: make identifiers case-sensitive
			      C 
			      C INCLUDE SmallWin.inc		; MS-Windows prototypes, structures, and constants
			      C .NOLIST
			      C .LIST
			      C 
			      C INCLUDE VirtualKeys.inc
			      C ; VirtualKeys.inc
			      C .NOLIST
			      C .LIST
			      C 
			      C 
			      C .NOLIST
			      C .LIST
			      C 

				UpdateScreen PROTO
				ClearScreen PROTO
				DrawBase PROTO
				StartTimers PROTO
				UpdateTimers PROTO
				DrawTimers PROTO
				SwitchTimers PROTO
				HandleInput PROTO

				BufGotoxy PROTO
				BufSetTextColor PROTO
				BufWriteString PROTO
				BufWriteChar PROTO
				BufClearScreen PROTO
				FlushScreenBuffer PROTO

				DinoInit PROTO
				DinoTick PROTO
				DinoIsDone PROTO
				DinoWasSuccess PROTO
				ApplyDinoPenalty PROTO

				LoadQuiz PROTO
				LoadLab PROTO
				DrawQuiz PROTO
				DrawLab PROTO

				CheckQuiz PROTO
				CheckLab PROTO

				GetAsyncKeyState PROTO, vKey:DWORD
 = 0000000D			VK_RETURN = 0Dh

				EXTERN chosenDifficulty:BYTE
				EXTERN quizScore:DWORD
				EXTERN labScore:DWORD

 00000000			.data
				PUBLIC currState
 00000000 00			currState BYTE ?

 00000001 00			last_input BYTE 0

 00000002 53 63 6F 72 65	scoreQuizLabel  BYTE "Score: ", 0
	   3A 20 00
 0000000A 53 63 6F 72 65	scoreLabLabel   BYTE "Score: ", 0
	   3A 20 00
 00000012 2F 35 30 00		scoreSuffix50   BYTE "/50", 0
 00000016 54 6F 74 61 6C	scoreTotalLabel BYTE "Total Score: ", 0
	   20 53 63 6F 72
	   65 3A 20 00
 00000024 2F 31 30 30 00	scoreSuffix100  BYTE "/100", 0

 00000000			.code
				PUBLIC Game

 00000000			DrawEndScreen PROC
 00000000  50			    push eax
 00000001  53			    push ebx
 00000002  52			    push edx

 00000003  E8 00000000 E	    call ClearScreen
 00000008  E8 00000000 E	    call DrawBase

				    ; Left panel: quiz questions
 0000000D  E8 00000000 E	    call DrawQuiz

 00000012  B8 0000000F		    mov eax, white + (black * 16)
 00000017  E8 00000000 E	    call SetTextColor
 0000001C  B6 16		    mov dh, 22
 0000001E  B2 01		    mov dl, 1
 00000020  E8 00000000 E	    call Gotoxy
 00000025  BA 00000002 R	    mov edx, OFFSET scoreQuizLabel
 0000002A  E8 00000000 E	    call WriteString
 0000002F  A1 00000000 E	    mov eax, quizScore
 00000034  E8 00000000 E	    call WriteDec
 00000039  BA 00000012 R	    mov edx, OFFSET scoreSuffix50
 0000003E  E8 00000000 E	    call WriteString

				    ; Right panel: lab questions
 00000043  E8 00000000 E	    call DrawLab

 00000048  B8 0000000F		    mov eax, white + (black * 16)
 0000004D  E8 00000000 E	    call SetTextColor
 00000052  B6 16		    mov dh, 22
 00000054  B2 27		    mov dl, 39
 00000056  E8 00000000 E	    call Gotoxy
 0000005B  BA 0000000A R	    mov edx, OFFSET scoreLabLabel
 00000060  E8 00000000 E	    call WriteString
 00000065  A1 00000000 E	    mov eax, labScore
 0000006A  E8 00000000 E	    call WriteDec
 0000006F  BA 00000012 R	    mov edx, OFFSET scoreSuffix50
 00000074  E8 00000000 E	    call WriteString

 00000079  B6 18		    mov dh, 24
 0000007B  B2 00		    mov dl, 0
 0000007D  E8 00000000 E	    call Gotoxy
 00000082  B8 0000000F		    mov eax, white + (black * 16)
 00000087  E8 00000000 E	    call SetTextColor
 0000008C  BA 00000016 R	    mov edx, OFFSET scoreTotalLabel
 00000091  E8 00000000 E	    call WriteString
 00000096  A1 00000000 E	    mov eax, quizScore
 0000009B  03 05 00000000 E	    add eax, labScore
 000000A1  E8 00000000 E	    call WriteDec
 000000A6  BA 00000024 R	    mov edx, OFFSET scoreSuffix100
 000000AB  E8 00000000 E	    call WriteString

 000000B0  5A			    pop edx
 000000B1  5B			    pop ebx
 000000B2  58			    pop eax
 000000B3  C3			    ret
 000000B4			DrawEndScreen ENDP

 000000B4			Game PROC
 000000B4  C6 05 00000000 R	    mov currState, 0
	   00

 000000BB  E8 00000000 E	    call BufClearScreen
 000000C0  E8 00000000 E	    call UpdateScreen
 000000C5  E8 00000000 E		call FlushScreenBuffer
 000000CA  E8 00000000 E	    call StartTimers

				; STATE 0: start screen
 000000CF			press_enter_loop_start:
 000000CF  E8 00000000 E	    call UpdateTimers
 000000D4  E8 00000000 E		call FlushScreenBuffer
 000000D9  B8 00000032		    mov eax, 50
 000000DE  E8 00000000 E	    call Delay
 000000E3  E8 00000000 E	    call ReadKey
 000000E8  3C 0D		    cmp al, 13
 000000EA  75 E3		    jne press_enter_loop_start

 000000EC  0F B6 05		    movzx eax, chosenDifficulty
	   00000000 E
 000000F3  E8 00000000 E	    call LoadQuiz

				; STATE 1: getting quiz (dino)
 000000F8  C6 05 00000000 R	    mov currState, 1
	   01
 000000FF  E8 00000000 E	    call DinoInit

 00000104			getting_quiz_loop_start:
 00000104  E8 00000000 E	    call DinoTick
 00000109  E8 00000000 E	    call UpdateScreen
 0000010E  E8 00000000 E		call FlushScreenBuffer
 00000113  E8 00000000 E	    call DrawTimers
 00000118  E8 00000000 E	    call UpdateTimers
 0000011D  B8 00000032		    mov eax, 50
 00000122  E8 00000000 E	    call Delay

 00000127  E8 00000000 E	    call DinoIsDone
 0000012C  3C 00		    cmp al, 0
 0000012E  74 D4		    je getting_quiz_loop_start

 00000130  E8 00000000 E	    call DinoWasSuccess
 00000135  3C 01		    cmp al, 1
 00000137  74 05		    je state1_done

 00000139  E8 00000000 E	    call ApplyDinoPenalty

 0000013E			state1_done:
 0000013E  B8 00000096		    mov eax, 150
 00000143  E8 00000000 E	    call Delay

				; STATE 2: solving quiz
 00000148  C6 05 00000000 R	    mov currState, 2
	   02
 0000014F  E8 00000000 E	    call BufClearScreen
 00000154  E8 00000000 E	    call DrawBase
 00000159  E8 00000000 E	    call DrawQuiz
 0000015E  E8 00000000 E	    call DrawTimers

 00000163			flush_keys_2:
				    invoke GetAsyncKeyState, VK_RETURN
 0000016A  66| A9 8000		    test ax, 8000h
 0000016E  75 F3		    jnz flush_keys_2

 00000170			quiz_loop_start:
 00000170  E8 00000000 E	    call HandleInput
 00000175  A2 00000001 R	    mov last_input, al

 0000017A  E8 00000000 E	    call BufClearScreen
 0000017F  E8 00000000 E	    call DrawBase
 00000184  E8 00000000 E	    call DrawQuiz
 00000189  E8 00000000 E	    call UpdateTimers

 0000018E  B8 00000032		    mov eax, 50
 00000193  E8 00000000 E	    call Delay

 00000198  80 3D 00000001 R	    cmp last_input, 0Dh
	   0D
 0000019F  75 CF		    jne quiz_loop_start

 000001A1  B8 00000096		    mov eax, 150
 000001A6  E8 00000000 E	    call Delay

				; STATE 3: turning in quiz (dino)
 000001AB  C6 05 00000000 R	    mov currState, 3
	   03
 000001B2  E8 00000000 E	    call DinoInit

 000001B7			turning_in_quiz_loop_start:
 000001B7  E8 00000000 E	    call DinoTick
 000001BC  E8 00000000 E	    call UpdateScreen
 000001C1  E8 00000000 E		call FlushScreenBuffer
 000001C6  E8 00000000 E	    call DrawTimers
 000001CB  E8 00000000 E	    call UpdateTimers
 000001D0  B8 00000032		    mov eax, 50
 000001D5  E8 00000000 E	    call Delay

 000001DA  E8 00000000 E	    call DinoIsDone
 000001DF  3C 00		    cmp al, 0
 000001E1  74 D4		    je turning_in_quiz_loop_start

 000001E3  E8 00000000 E	    call DinoWasSuccess
 000001E8  3C 01		    cmp al, 1
 000001EA  74 05		    je state3_done

 000001EC  E8 00000000 E	    call ApplyDinoPenalty

 000001F1			state3_done:
 000001F1  E8 00000000 E	    call CheckQuiz
 000001F6  B8 00000096		    mov eax, 150
 000001FB  E8 00000000 E	    call Delay

				; STATE 4: getting lab (dino)
 00000200  C6 05 00000000 R	    mov currState, 4
	   04
 00000207  E8 00000000 E	    call SwitchTimers
 0000020C  0F B6 05		    movzx eax, chosenDifficulty
	   00000000 E
 00000213  E8 00000000 E	    call LoadLab
 00000218  E8 00000000 E	    call DinoInit

 0000021D			getting_lab_loop_start:
 0000021D  E8 00000000 E	    call DinoTick
 00000222  E8 00000000 E	    call UpdateScreen
 00000227  E8 00000000 E		call FlushScreenBuffer
 0000022C  E8 00000000 E	    call DrawTimers
 00000231  E8 00000000 E	    call UpdateTimers
 00000236  B8 00000032		    mov eax, 50
 0000023B  E8 00000000 E	    call Delay

 00000240  E8 00000000 E	    call DinoIsDone
 00000245  3C 00		    cmp al, 0
 00000247  74 D4		    je getting_lab_loop_start

 00000249  E8 00000000 E	    call DinoWasSuccess
 0000024E  3C 01		    cmp al, 1
 00000250  74 05		    je state4_done

 00000252  E8 00000000 E	    call ApplyDinoPenalty

 00000257			state4_done:
 00000257  B8 00000096		    mov eax, 150
 0000025C  E8 00000000 E	    call Delay

				; STATE 5: solving lab
 00000261  C6 05 00000000 R	    mov currState, 5
	   05
 00000268  E8 00000000 E	    call ClearScreen
 0000026D  E8 00000000 E	    call DrawBase
 00000272  E8 00000000 E	    call DrawLab
 00000277  E8 00000000 E	    call DrawTimers

 0000027C			flush_keys_5:
				    invoke GetAsyncKeyState, VK_RETURN
 00000283  66| A9 8000		    test ax, 8000h
 00000287  75 F3		    jnz flush_keys_5

 00000289			lab_loop_start:
 00000289  E8 00000000 E	    call HandleInput
 0000028E  A2 00000001 R	    mov last_input, al

 00000293  E8 00000000 E	    call ClearScreen
 00000298  E8 00000000 E	    call DrawBase
 0000029D  E8 00000000 E	    call DrawLab
 000002A2  E8 00000000 E	    call UpdateTimers

 000002A7  B8 00000032		    mov eax, 50
 000002AC  E8 00000000 E	    call Delay

 000002B1  80 3D 00000001 R	    cmp last_input, 0Dh
	   0D
 000002B8  75 CF		    jne lab_loop_start

 000002BA  B8 00000096		    mov eax, 150
 000002BF  E8 00000000 E	    call Delay

				; STATE 6: turning in lab (dino)
 000002C4  C6 05 00000000 R	    mov currState, 6
	   06
 000002CB  E8 00000000 E	    call DinoInit

 000002D0			turning_in_lab_loop_start:
 000002D0  E8 00000000 E	    call DinoTick
 000002D5  E8 00000000 E	    call UpdateScreen
 000002DA  E8 00000000 E		call FlushScreenBuffer
 000002DF  E8 00000000 E	    call DrawTimers
 000002E4  E8 00000000 E	    call UpdateTimers
 000002E9  B8 00000032		    mov eax, 50
 000002EE  E8 00000000 E	    call Delay

 000002F3  E8 00000000 E	    call DinoIsDone
 000002F8  3C 00		    cmp al, 0
 000002FA  74 D4		    je turning_in_lab_loop_start

 000002FC  E8 00000000 E	    call DinoWasSuccess
 00000301  3C 01		    cmp al, 1
 00000303  74 05		    je state6_done

 00000305  E8 00000000 E	    call ApplyDinoPenalty

 0000030A			state6_done:
 0000030A  E8 00000000 E	    call CheckLab
 0000030F  B8 00000096		    mov eax, 150
 00000314  E8 00000000 E	    call Delay

				; STATE 7: end screen
 00000319  C6 05 00000000 R	    mov currState, 7
	   07
 00000320  E8 FFFFFCDB		    call DrawEndScreen
 00000325  E8 00000000 E	    call ReadChar
 0000032A  E8 00000000 E	    call ReadChar
 0000032F  C3			    ret
 00000330			Game ENDP

				END
Microsoft (R) Macro Assembler Version 14.00.24210.0	    04/26/26 16:23:11
Game.asm						     Symbols 2 - 1




Structures and Unions:

                N a m e                  Size
                                         Offset      Type

CONSOLE_CURSOR_INFO  . . . . . .	 00000008
  dwSize . . . . . . . . . . . .	 00000000	 DWord
  bVisible . . . . . . . . . . .	 00000004	 DWord
CONSOLE_SCREEN_BUFFER_INFO . . .	 00000016
  dwSize . . . . . . . . . . . .	 00000000	 DWord
  dwCursorPosition . . . . . . .	 00000004	 DWord
  wAttributes  . . . . . . . . .	 00000008	 Word
  srWindow . . . . . . . . . . .	 0000000A	 QWord
  dwMaximumWindowSize  . . . . .	 00000012	 DWord
COORD  . . . . . . . . . . . . .	 00000004
  X  . . . . . . . . . . . . . .	 00000000	 Word
  Y  . . . . . . . . . . . . . .	 00000002	 Word
FILETIME . . . . . . . . . . . .	 00000008
  loDateTime . . . . . . . . . .	 00000000	 DWord
  hiDateTime . . . . . . . . . .	 00000004	 DWord
FOCUS_EVENT_RECORD . . . . . . .	 00000004
  bSetFocus  . . . . . . . . . .	 00000000	 DWord
FPU_ENVIRON  . . . . . . . . . .	 0000001C
  controlWord  . . . . . . . . .	 00000000	 Word
  statusWord . . . . . . . . . .	 00000004	 Word
  tagWord  . . . . . . . . . . .	 00000008	 Word
  instrPointerOffset . . . . . .	 0000000C	 DWord
  instrPointerSelector . . . . .	 00000010	 DWord
  operandPointerOffset . . . . .	 00000014	 DWord
  operandPointerSelector . . . .	 00000018	 Word
INPUT_RECORD . . . . . . . . . .	 00000014
  EventType  . . . . . . . . . .	 00000000	 Word
  Event  . . . . . . . . . . . .	 00000004	 XmmWord
  bKeyDown . . . . . . . . . . .	 00000000	 DWord
  wRepeatCount . . . . . . . . .	 00000004	 Word
  wVirtualKeyCode  . . . . . . .	 00000006	 Word
  wVirtualScanCode . . . . . . .	 00000008	 Word
  uChar  . . . . . . . . . . . .	 0000000A	 Word
  UnicodeChar  . . . . . . . . .	 00000000	 Word
  AsciiChar  . . . . . . . . . .	 00000000	 Byte
  dwControlKeyState  . . . . . .	 0000000C	 DWord
  dwMousePosition  . . . . . . .	 00000000	 DWord
  dwButtonState  . . . . . . . .	 00000004	 DWord
  dwMouseControlKeyState . . . .	 00000008	 DWord
  dwEventFlags . . . . . . . . .	 0000000C	 DWord
  dwSize . . . . . . . . . . . .	 00000000	 DWord
  dwCommandId  . . . . . . . . .	 00000000	 DWord
  bSetFocus  . . . . . . . . . .	 00000000	 DWord
KEY_EVENT_RECORD . . . . . . . .	 00000010
  bKeyDown . . . . . . . . . . .	 00000000	 DWord
  wRepeatCount . . . . . . . . .	 00000004	 Word
  wVirtualKeyCode  . . . . . . .	 00000006	 Word
  wVirtualScanCode . . . . . . .	 00000008	 Word
  uChar  . . . . . . . . . . . .	 0000000A	 Word
  UnicodeChar  . . . . . . . . .	 00000000	 Word
  AsciiChar  . . . . . . . . . .	 00000000	 Byte
  dwControlKeyState  . . . . . .	 0000000C	 DWord
MENU_EVENT_RECORD  . . . . . . .	 00000004
  dwCommandId  . . . . . . . . .	 00000000	 DWord
MOUSE_EVENT_RECORD . . . . . . .	 00000010
  dwMousePosition  . . . . . . .	 00000000	 DWord
  dwButtonState  . . . . . . . .	 00000004	 DWord
  dwMouseControlKeyState . . . .	 00000008	 DWord
  dwEventFlags . . . . . . . . .	 0000000C	 DWord
SMALL_RECT . . . . . . . . . . .	 00000008
  Left . . . . . . . . . . . . .	 00000000	 Word
  Top  . . . . . . . . . . . . .	 00000002	 Word
  Right  . . . . . . . . . . . .	 00000004	 Word
  Bottom . . . . . . . . . . . .	 00000006	 Word
SYSTEMTIME . . . . . . . . . . .	 00000010
  wYear  . . . . . . . . . . . .	 00000000	 Word
  wMonth . . . . . . . . . . . .	 00000002	 Word
  wDayOfWeek . . . . . . . . . .	 00000004	 Word
  wDay . . . . . . . . . . . . .	 00000006	 Word
  wHour  . . . . . . . . . . . .	 00000008	 Word
  wMinute  . . . . . . . . . . .	 0000000A	 Word
  wSecond  . . . . . . . . . . .	 0000000C	 Word
  wMilliseconds  . . . . . . . .	 0000000E	 Word
WINDOW_BUFFER_SIZE_RECORD  . . .	 00000004
  dwSize . . . . . . . . . . . .	 00000000	 DWord


Segments and Groups:

                N a m e                 Size     Length   Align   Combine Class

FLAT . . . . . . . . . . . . . .	GROUP
STACK  . . . . . . . . . . . . .	32 Bit	 00001000 Para	  Stack	  'STACK'	 
_DATA  . . . . . . . . . . . . .	32 Bit	 00000029 Para	  Public  'DATA'	
_TEXT  . . . . . . . . . . . . .	32 Bit	 00000330 Para	  Public  'CODE'	


Procedures, parameters, and locals:

                N a m e                 Type     Value    Attr

ApplyDinoPenalty . . . . . . . .	P Near	 00000000 FLAT	Length= 00000000 External STDCALL
BufClearScreen . . . . . . . . .	P Near	 00000000 FLAT	Length= 00000000 External STDCALL
BufGotoxy  . . . . . . . . . . .	P Near	 00000000 FLAT	Length= 00000000 External STDCALL
BufSetTextColor  . . . . . . . .	P Near	 00000000 FLAT	Length= 00000000 External STDCALL
BufWriteChar . . . . . . . . . .	P Near	 00000000 FLAT	Length= 00000000 External STDCALL
BufWriteString . . . . . . . . .	P Near	 00000000 FLAT	Length= 00000000 External STDCALL
CheckLab . . . . . . . . . . . .	P Near	 00000000 FLAT	Length= 00000000 External STDCALL
CheckQuiz  . . . . . . . . . . .	P Near	 00000000 FLAT	Length= 00000000 External STDCALL
ClearScreen  . . . . . . . . . .	P Near	 00000000 FLAT	Length= 00000000 External STDCALL
CloseFile  . . . . . . . . . . .	P Near	 00000000 FLAT	Length= 00000000 External STDCALL
CloseHandle  . . . . . . . . . .	P Near	 00000000 FLAT	Length= 00000000 External STDCALL
Clrscr . . . . . . . . . . . . .	P Near	 00000000 FLAT	Length= 00000000 External STDCALL
CreateFileA  . . . . . . . . . .	P Near	 00000000 FLAT	Length= 00000000 External STDCALL
CreateOutputFile . . . . . . . .	P Near	 00000000 FLAT	Length= 00000000 External STDCALL
Crlf . . . . . . . . . . . . . .	P Near	 00000000 FLAT	Length= 00000000 External STDCALL
Delay  . . . . . . . . . . . . .	P Near	 00000000 FLAT	Length= 00000000 External STDCALL
DinoInit . . . . . . . . . . . .	P Near	 00000000 FLAT	Length= 00000000 External STDCALL
DinoIsDone . . . . . . . . . . .	P Near	 00000000 FLAT	Length= 00000000 External STDCALL
DinoTick . . . . . . . . . . . .	P Near	 00000000 FLAT	Length= 00000000 External STDCALL
DinoWasSuccess . . . . . . . . .	P Near	 00000000 FLAT	Length= 00000000 External STDCALL
DrawBase . . . . . . . . . . . .	P Near	 00000000 FLAT	Length= 00000000 External STDCALL
DrawEndScreen  . . . . . . . . .	P Near	 00000000 _TEXT	Length= 000000B4 Public STDCALL
DrawLab  . . . . . . . . . . . .	P Near	 00000000 FLAT	Length= 00000000 External STDCALL
DrawQuiz . . . . . . . . . . . .	P Near	 00000000 FLAT	Length= 00000000 External STDCALL
DrawTimers . . . . . . . . . . .	P Near	 00000000 FLAT	Length= 00000000 External STDCALL
DumpMem  . . . . . . . . . . . .	P Near	 00000000 FLAT	Length= 00000000 External STDCALL
DumpRegs . . . . . . . . . . . .	P Near	 00000000 FLAT	Length= 00000000 External STDCALL
ExitProcess  . . . . . . . . . .	P Near	 00000000 FLAT	Length= 00000000 External STDCALL
FileTimeToDosDateTime  . . . . .	P Near	 00000000 FLAT	Length= 00000000 External STDCALL
FileTimeToSystemTime . . . . . .	P Near	 00000000 FLAT	Length= 00000000 External STDCALL
FlushConsoleInputBuffer  . . . .	P Near	 00000000 FLAT	Length= 00000000 External STDCALL
FlushScreenBuffer  . . . . . . .	P Near	 00000000 FLAT	Length= 00000000 External STDCALL
FormatMessageA . . . . . . . . .	P Near	 00000000 FLAT	Length= 00000000 External STDCALL
Game . . . . . . . . . . . . . .	P Near	 000000B4 _TEXT	Length= 0000027C Public STDCALL
  press_enter_loop_start . . . .	L Near	 000000CF _TEXT	
  getting_quiz_loop_start  . . .	L Near	 00000104 _TEXT	
  state1_done  . . . . . . . . .	L Near	 0000013E _TEXT	
  flush_keys_2 . . . . . . . . .	L Near	 00000163 _TEXT	
  quiz_loop_start  . . . . . . .	L Near	 00000170 _TEXT	
  turning_in_quiz_loop_start . .	L Near	 000001B7 _TEXT	
  state3_done  . . . . . . . . .	L Near	 000001F1 _TEXT	
  getting_lab_loop_start . . . .	L Near	 0000021D _TEXT	
  state4_done  . . . . . . . . .	L Near	 00000257 _TEXT	
  flush_keys_5 . . . . . . . . .	L Near	 0000027C _TEXT	
  lab_loop_start . . . . . . . .	L Near	 00000289 _TEXT	
  turning_in_lab_loop_start  . .	L Near	 000002D0 _TEXT	
  state6_done  . . . . . . . . .	L Near	 0000030A _TEXT	
GetAsyncKeyState . . . . . . . .	P Near	 00000000 FLAT	Length= 00000000 External STDCALL
GetCommandLineA  . . . . . . . .	P Near	 00000000 FLAT	Length= 00000000 External STDCALL
GetCommandTail . . . . . . . . .	P Near	 00000000 FLAT	Length= 00000000 External STDCALL
GetConsoleCP . . . . . . . . . .	P Near	 00000000 FLAT	Length= 00000000 External STDCALL
GetConsoleCursorInfo . . . . . .	P Near	 00000000 FLAT	Length= 00000000 External STDCALL
GetConsoleMode . . . . . . . . .	P Near	 00000000 FLAT	Length= 00000000 External STDCALL
GetConsoleScreenBufferInfo . . .	P Near	 00000000 FLAT	Length= 00000000 External STDCALL
GetDateTime  . . . . . . . . . .	P Near	 00000000 FLAT	Length= 00000000 External STDCALL
GetFileTime  . . . . . . . . . .	P Near	 00000000 FLAT	Length= 00000000 External STDCALL
GetKeyState  . . . . . . . . . .	P Near	 00000000 FLAT	Length= 00000000 External STDCALL
GetLastError . . . . . . . . . .	P Near	 00000000 FLAT	Length= 00000000 External STDCALL
GetLocalTime . . . . . . . . . .	P Near	 00000000 FLAT	Length= 00000000 External STDCALL
GetMaxXY . . . . . . . . . . . .	P Near	 00000000 FLAT	Length= 00000000 External STDCALL
GetMseconds  . . . . . . . . . .	P Near	 00000000 FLAT	Length= 00000000 External STDCALL
GetNumberOfConsoleInputEvents  .	P Near	 00000000 FLAT	Length= 00000000 External STDCALL
GetProcessHeap . . . . . . . . .	P Near	 00000000 FLAT	Length= 00000000 External STDCALL
GetStdHandle . . . . . . . . . .	P Near	 00000000 FLAT	Length= 00000000 External STDCALL
GetSystemTime  . . . . . . . . .	P Near	 00000000 FLAT	Length= 00000000 External STDCALL
GetTextColor . . . . . . . . . .	P Near	 00000000 FLAT	Length= 00000000 External STDCALL
GetTickCount . . . . . . . . . .	P Near	 00000000 FLAT	Length= 00000000 External STDCALL
Gotoxy . . . . . . . . . . . . .	P Near	 00000000 FLAT	Length= 00000000 External STDCALL
HandleInput  . . . . . . . . . .	P Near	 00000000 FLAT	Length= 00000000 External STDCALL
HeapAlloc  . . . . . . . . . . .	P Near	 00000000 FLAT	Length= 00000000 External STDCALL
HeapCreate . . . . . . . . . . .	P Near	 00000000 FLAT	Length= 00000000 External STDCALL
HeapDestroy  . . . . . . . . . .	P Near	 00000000 FLAT	Length= 00000000 External STDCALL
HeapFree . . . . . . . . . . . .	P Near	 00000000 FLAT	Length= 00000000 External STDCALL
HeapSize . . . . . . . . . . . .	P Near	 00000000 FLAT	Length= 00000000 External STDCALL
IsDigit  . . . . . . . . . . . .	P Near	 00000000 FLAT	Length= 00000000 External STDCALL
LoadLab  . . . . . . . . . . . .	P Near	 00000000 FLAT	Length= 00000000 External STDCALL
LoadQuiz . . . . . . . . . . . .	P Near	 00000000 FLAT	Length= 00000000 External STDCALL
LocalFree  . . . . . . . . . . .	P Near	 00000000 FLAT	Length= 00000000 External STDCALL
MessageBoxA  . . . . . . . . . .	P Near	 00000000 FLAT	Length= 00000000 External STDCALL
MsgBoxAsk  . . . . . . . . . . .	P Near	 00000000 FLAT	Length= 00000000 External STDCALL
MsgBox . . . . . . . . . . . . .	P Near	 00000000 FLAT	Length= 00000000 External STDCALL
OpenInputFile  . . . . . . . . .	P Near	 00000000 FLAT	Length= 00000000 External STDCALL
ParseDecimal32 . . . . . . . . .	P Near	 00000000 FLAT	Length= 00000000 External STDCALL
ParseInteger32 . . . . . . . . .	P Near	 00000000 FLAT	Length= 00000000 External STDCALL
PeekConsoleInputA  . . . . . . .	P Near	 00000000 FLAT	Length= 00000000 External STDCALL
Random32 . . . . . . . . . . . .	P Near	 00000000 FLAT	Length= 00000000 External STDCALL
RandomRange  . . . . . . . . . .	P Near	 00000000 FLAT	Length= 00000000 External STDCALL
Randomize  . . . . . . . . . . .	P Near	 00000000 FLAT	Length= 00000000 External STDCALL
ReadChar . . . . . . . . . . . .	P Near	 00000000 FLAT	Length= 00000000 External STDCALL
ReadConsoleA . . . . . . . . . .	P Near	 00000000 FLAT	Length= 00000000 External STDCALL
ReadConsoleInputA  . . . . . . .	P Near	 00000000 FLAT	Length= 00000000 External STDCALL
ReadDec  . . . . . . . . . . . .	P Near	 00000000 FLAT	Length= 00000000 External STDCALL
ReadFile . . . . . . . . . . . .	P Near	 00000000 FLAT	Length= 00000000 External STDCALL
ReadFloat  . . . . . . . . . . .	P Near	 00000000 FLAT	Length= 00000000 External STDCALL
ReadFromFile . . . . . . . . . .	P Near	 00000000 FLAT	Length= 00000000 External STDCALL
ReadHex  . . . . . . . . . . . .	P Near	 00000000 FLAT	Length= 00000000 External STDCALL
ReadInt  . . . . . . . . . . . .	P Near	 00000000 FLAT	Length= 00000000 External STDCALL
ReadKeyFlush . . . . . . . . . .	P Near	 00000000 FLAT	Length= 00000000 External STDCALL
ReadKey  . . . . . . . . . . . .	P Near	 00000000 FLAT	Length= 00000000 External STDCALL
ReadString . . . . . . . . . . .	P Near	 00000000 FLAT	Length= 00000000 External STDCALL
SetConsoleCursorInfo . . . . . .	P Near	 00000000 FLAT	Length= 00000000 External STDCALL
SetConsoleCursorPosition . . . .	P Near	 00000000 FLAT	Length= 00000000 External STDCALL
SetConsoleMode . . . . . . . . .	P Near	 00000000 FLAT	Length= 00000000 External STDCALL
SetConsoleScreenBufferSize . . .	P Near	 00000000 FLAT	Length= 00000000 External STDCALL
SetConsoleTextAttribute  . . . .	P Near	 00000000 FLAT	Length= 00000000 External STDCALL
SetConsoleTitleA . . . . . . . .	P Near	 00000000 FLAT	Length= 00000000 External STDCALL
SetConsoleWindowInfo . . . . . .	P Near	 00000000 FLAT	Length= 00000000 External STDCALL
SetFilePointer . . . . . . . . .	P Near	 00000000 FLAT	Length= 00000000 External STDCALL
SetLocalTime . . . . . . . . . .	P Near	 00000000 FLAT	Length= 00000000 External STDCALL
SetTextColor . . . . . . . . . .	P Near	 00000000 FLAT	Length= 00000000 External STDCALL
ShowFPUStack . . . . . . . . . .	P Near	 00000000 FLAT	Length= 00000000 External STDCALL
Sleep  . . . . . . . . . . . . .	P Near	 00000000 FLAT	Length= 00000000 External STDCALL
StartTimers  . . . . . . . . . .	P Near	 00000000 FLAT	Length= 00000000 External STDCALL
StrLength  . . . . . . . . . . .	P Near	 00000000 FLAT	Length= 00000000 External STDCALL
Str_compare  . . . . . . . . . .	P Near	 00000000 FLAT	Length= 00000000 External STDCALL
Str_copy . . . . . . . . . . . .	P Near	 00000000 FLAT	Length= 00000000 External STDCALL
Str_length . . . . . . . . . . .	P Near	 00000000 FLAT	Length= 00000000 External STDCALL
Str_trim . . . . . . . . . . . .	P Near	 00000000 FLAT	Length= 00000000 External STDCALL
Str_ucase  . . . . . . . . . . .	P Near	 00000000 FLAT	Length= 00000000 External STDCALL
SwitchTimers . . . . . . . . . .	P Near	 00000000 FLAT	Length= 00000000 External STDCALL
SystemTimeToFileTime . . . . . .	P Near	 00000000 FLAT	Length= 00000000 External STDCALL
UpdateScreen . . . . . . . . . .	P Near	 00000000 FLAT	Length= 00000000 External STDCALL
UpdateTimers . . . . . . . . . .	P Near	 00000000 FLAT	Length= 00000000 External STDCALL
WaitMsg  . . . . . . . . . . . .	P Near	 00000000 FLAT	Length= 00000000 External STDCALL
WriteBinB  . . . . . . . . . . .	P Near	 00000000 FLAT	Length= 00000000 External STDCALL
WriteBin . . . . . . . . . . . .	P Near	 00000000 FLAT	Length= 00000000 External STDCALL
WriteChar  . . . . . . . . . . .	P Near	 00000000 FLAT	Length= 00000000 External STDCALL
WriteConsoleA  . . . . . . . . .	P Near	 00000000 FLAT	Length= 00000000 External STDCALL
WriteConsoleOutputAttribute  . .	P Near	 00000000 FLAT	Length= 00000000 External STDCALL
WriteConsoleOutputCharacterA . .	P Near	 00000000 FLAT	Length= 00000000 External STDCALL
WriteDec . . . . . . . . . . . .	P Near	 00000000 FLAT	Length= 00000000 External STDCALL
WriteFile  . . . . . . . . . . .	P Near	 00000000 FLAT	Length= 00000000 External STDCALL
WriteFloat . . . . . . . . . . .	P Near	 00000000 FLAT	Length= 00000000 External STDCALL
WriteHexB  . . . . . . . . . . .	P Near	 00000000 FLAT	Length= 00000000 External STDCALL
WriteHex . . . . . . . . . . . .	P Near	 00000000 FLAT	Length= 00000000 External STDCALL
WriteInt . . . . . . . . . . . .	P Near	 00000000 FLAT	Length= 00000000 External STDCALL
WriteStackFrameName  . . . . . .	P Near	 00000000 FLAT	Length= 00000000 External STDCALL
WriteStackFrame  . . . . . . . .	P Near	 00000000 FLAT	Length= 00000000 External STDCALL
WriteString  . . . . . . . . . .	P Near	 00000000 FLAT	Length= 00000000 External STDCALL
WriteToFile  . . . . . . . . . .	P Near	 00000000 FLAT	Length= 00000000 External STDCALL
WriteWindowsMsg  . . . . . . . .	P Near	 00000000 FLAT	Length= 00000000 External STDCALL
printf . . . . . . . . . . . . .	P Near	 00000000 FLAT	Length= 00000000 External C
scanf  . . . . . . . . . . . . .	P Near	 00000000 FLAT	Length= 00000000 External C
wsprintfA  . . . . . . . . . . .	P Near	 00000000 FLAT	Length= 00000000 External C


Symbols:

                N a m e                 Type     Value    Attr

@CodeSize  . . . . . . . . . . .	Number	 00000000h   
@DataSize  . . . . . . . . . . .	Number	 00000000h   
@Interface . . . . . . . . . . .	Number	 00000003h   
@Model . . . . . . . . . . . . .	Number	 00000007h   
@code  . . . . . . . . . . . . .	Text   	 _TEXT
@data  . . . . . . . . . . . . .	Text   	 FLAT
@fardata?  . . . . . . . . . . .	Text   	 FLAT
@fardata . . . . . . . . . . . .	Text   	 FLAT
@stack . . . . . . . . . . . . .	Text   	 FLAT
ALT_MASK . . . . . . . . . . . .	Number	 00000003h   
CAPSLOCK_ON  . . . . . . . . . .	Number	 00000080h   
CREATE_ALWAYS  . . . . . . . . .	Number	 00000002h   
CREATE_NEW . . . . . . . . . . .	Number	 00000001h   
CTRL_MASK  . . . . . . . . . . .	Number	 0000000Ch   
CreateFile . . . . . . . . . . .	Text   	 CreateFileA
DO_NOT_SHARE . . . . . . . . . .	Number	 00000000h   
ENABLE_ECHO_INPUT  . . . . . . .	Number	 00000004h   
ENABLE_LINE_INPUT  . . . . . . .	Number	 00000002h   
ENABLE_MOUSE_INPUT . . . . . . .	Number	 00000010h   
ENABLE_PROCESSED_INPUT . . . . .	Number	 00000001h   
ENABLE_PROCESSED_OUTPUT  . . . .	Number	 00000001h   
ENABLE_WINDOW_INPUT  . . . . . .	Number	 00000008h   
ENABLE_WRAP_AT_EOL_OUTPUT  . . .	Number	 00000002h   
ENHANCED_KEY . . . . . . . . . .	Number	 00000100h   
FALSE  . . . . . . . . . . . . .	Number	 00000000h   
FILE_APPEND_DATA . . . . . . . .	Number	 00000004h   
FILE_ATTRIBUTE_ARCHIVE . . . . .	Number	 00000020h   
FILE_ATTRIBUTE_COMPRESSED  . . .	Number	 00000800h   
FILE_ATTRIBUTE_DEVICE  . . . . .	Number	 00000040h   
FILE_ATTRIBUTE_DIRECTORY . . . .	Number	 00000010h   
FILE_ATTRIBUTE_ENCRYPTED . . . .	Number	 00004000h   
FILE_ATTRIBUTE_HIDDEN  . . . . .	Number	 00000002h   
FILE_ATTRIBUTE_NORMAL  . . . . .	Number	 00000080h   
FILE_ATTRIBUTE_NOT_CONTENT_INDEXED .	Number	 00002000h   
FILE_ATTRIBUTE_OFFLINE . . . . .	Number	 00001000h   
FILE_ATTRIBUTE_READONLY  . . . .	Number	 00000001h   
FILE_ATTRIBUTE_REPARSE_POINT . .	Number	 00000400h   
FILE_ATTRIBUTE_SPARSE_FILE . . .	Number	 00000200h   
FILE_ATTRIBUTE_SYSTEM  . . . . .	Number	 00000004h   
FILE_ATTRIBUTE_TEMPORARY . . . .	Number	 00000100h   
FILE_BEGIN . . . . . . . . . . .	Number	 00000000h   
FILE_CURRENT . . . . . . . . . .	Number	 00000001h   
FILE_DELETE_CHILD  . . . . . . .	Number	 00000040h   
FILE_END . . . . . . . . . . . .	Number	 00000002h   
FILE_READ_DATA . . . . . . . . .	Number	 00000001h   
FILE_SHARE_DELETE  . . . . . . .	Number	 00000004h   
FILE_SHARE_READ  . . . . . . . .	Number	 00000001h   
FILE_SHARE_WRITE . . . . . . . .	Number	 00000002h   
FILE_WRITE_DATA  . . . . . . . .	Number	 00000002h   
FOCUS_EVENT  . . . . . . . . . .	Number	 00000010h   
FORMAT_MESSAGE_ALLOCATE_BUFFER .	Number	 00000100h   
FORMAT_MESSAGE_FROM_SYSTEM . . .	Number	 00001000h   
FormatMessage  . . . . . . . . .	Text   	 FormatMessageA
GENERIC_ALL  . . . . . . . . . .	Number	 10000000h   
GENERIC_EXECUTE  . . . . . . . .	Number	 20000000h   
GENERIC_READ . . . . . . . . . .	Number	 -80000000h   
GENERIC_WRITE  . . . . . . . . .	Number	 40000000h   
GetCommandLine . . . . . . . . .	Text   	 GetCommandLineA
HANDLE . . . . . . . . . . . . .	Text   	 DWORD
HEAP_GENERATE_EXCEPTIONS . . . .	Number	 00000004h   
HEAP_GROWABLE  . . . . . . . . .	Number	 00000002h   
HEAP_NO_SERIALIZE  . . . . . . .	Number	 00000001h   
HEAP_REALLOC_IN_PLACE_ONLY . . .	Number	 00000010h   
HEAP_ZERO_MEMORY . . . . . . . .	Number	 00000008h   
IDABORT  . . . . . . . . . . . .	Number	 00000003h   
IDCANCEL . . . . . . . . . . . .	Number	 00000002h   
IDCLOSE  . . . . . . . . . . . .	Number	 00000008h   
IDCONTINUE . . . . . . . . . . .	Number	 0000000Bh   
IDHELP . . . . . . . . . . . . .	Number	 00000009h   
IDIGNORE . . . . . . . . . . . .	Number	 00000005h   
IDNO . . . . . . . . . . . . . .	Number	 00000007h   
IDOK . . . . . . . . . . . . . .	Number	 00000001h   
IDRETRY  . . . . . . . . . . . .	Number	 00000004h   
IDTIMEOUT  . . . . . . . . . . .	Number	 00007D00h   
IDTRYAGAIN . . . . . . . . . . .	Number	 0000000Ah   
IDYES  . . . . . . . . . . . . .	Number	 00000006h   
INVALID_HANDLE_VALUE . . . . . .	Number	 -00000001h   
KBDOWN_FLAG  . . . . . . . . . .	Number	 00000001h   
KEY_EVENT  . . . . . . . . . . .	Number	 00000001h   
KEY_MASKS  . . . . . . . . . . .	Number	 0000001Fh   
LEFT_ALT_PRESSED . . . . . . . .	Number	 00000002h   
LEFT_CTRL_PRESSED  . . . . . . .	Number	 00000008h   
MB_ABORTRETRYIGNORE  . . . . . .	Number	 00000002h   
MB_APPLMODAL . . . . . . . . . .	Number	 00000000h   
MB_CANCELTRYCONTINUE . . . . . .	Number	 00000006h   
MB_DEFBUTTON1  . . . . . . . . .	Number	 00000000h   
MB_DEFBUTTON2  . . . . . . . . .	Number	 00000100h   
MB_DEFBUTTON3  . . . . . . . . .	Number	 00000200h   
MB_DEFBUTTON4  . . . . . . . . .	Number	 00000300h   
MB_HELP  . . . . . . . . . . . .	Number	 00004000h   
MB_ICONASTERISK  . . . . . . . .	Number	 00000040h   
MB_ICONERROR . . . . . . . . . .	Number	 00000010h   
MB_ICONEXCLAMATION . . . . . . .	Number	 00000030h   
MB_ICONHAND  . . . . . . . . . .	Number	 00000010h   
MB_ICONINFORMATION . . . . . . .	Number	 00000040h   
MB_ICONQUESTION  . . . . . . . .	Number	 00000020h   
MB_ICONSTOP  . . . . . . . . . .	Number	 00000010h   
MB_ICONWARNING . . . . . . . . .	Number	 00000030h   
MB_OKCANCEL  . . . . . . . . . .	Number	 00000001h   
MB_OK  . . . . . . . . . . . . .	Number	 00000000h   
MB_RETRYCANCEL . . . . . . . . .	Number	 00000005h   
MB_SYSTEMMODAL . . . . . . . . .	Number	 00001000h   
MB_TASKMODAL . . . . . . . . . .	Number	 00002000h   
MB_USERICON  . . . . . . . . . .	Number	 00000080h   
MB_YESNOCANCEL . . . . . . . . .	Number	 00000003h   
MB_YESNO . . . . . . . . . . . .	Number	 00000004h   
MENU_EVENT . . . . . . . . . . .	Number	 00000008h   
MOUSE_EVENT  . . . . . . . . . .	Number	 00000002h   
MessageBox . . . . . . . . . . .	Text   	 MessageBoxA
NULL . . . . . . . . . . . . . .	Number	 00000000h   
NUMLOCK_ON . . . . . . . . . . .	Number	 00000020h   
OPEN_ALWAYS  . . . . . . . . . .	Number	 00000004h   
OPEN_EXISTING  . . . . . . . . .	Number	 00000003h   
PeekConsoleInput . . . . . . . .	Text   	 PeekConsoleInputA
RIGHT_ALT_PRESSED  . . . . . . .	Number	 00000001h   
RIGHT_CTRL_PRESSED . . . . . . .	Number	 00000004h   
ReadConsoleInput . . . . . . . .	Text   	 ReadConsoleInputA
ReadConsole  . . . . . . . . . .	Text   	 ReadConsoleA
SCROLLLOCK_ON  . . . . . . . . .	Number	 00000040h   
SHIFT_MASK . . . . . . . . . . .	Number	 00000010h   
SHIFT_PRESSED  . . . . . . . . .	Number	 00000010h   
STD_ERROR_HANDLE . . . . . . . .	Number	 -0000000Ch   
STD_INPUT_HANDLE . . . . . . . .	Number	 -0000000Ah   
STD_OUTPUT_HANDLE  . . . . . . .	Number	 -0000000Bh   
SetConsoleTitle  . . . . . . . .	Text   	 SetConsoleTitleA
TAB  . . . . . . . . . . . . . .	Number	 00000009h   
TRUE . . . . . . . . . . . . . .	Number	 00000001h   
TRUNCATE_EXISTING  . . . . . . .	Number	 00000005h   
VK_11  . . . . . . . . . . . . .	Number	 000000BDh   
VK_12  . . . . . . . . . . . . .	Number	 000000BBh   
VK_ADD . . . . . . . . . . . . .	Number	 0000006Bh   
VK_BACK  . . . . . . . . . . . .	Number	 00000008h   
VK_CANCEL  . . . . . . . . . . .	Number	 00000003h   
VK_CAPITAL . . . . . . . . . . .	Number	 00000014h   
VK_CLEAR . . . . . . . . . . . .	Number	 0000000Ch   
VK_CONTROL . . . . . . . . . . .	Number	 00000011h   
VK_DECIMAL . . . . . . . . . . .	Number	 0000006Eh   
VK_DELETE  . . . . . . . . . . .	Number	 0000002Eh   
VK_DIVIDE  . . . . . . . . . . .	Number	 0000006Fh   
VK_DOWN  . . . . . . . . . . . .	Number	 00000028h   
VK_END . . . . . . . . . . . . .	Number	 00000023h   
VK_ESCAPE  . . . . . . . . . . .	Number	 0000001Bh   
VK_EXECUTE . . . . . . . . . . .	Number	 0000002Bh   
VK_F10 . . . . . . . . . . . . .	Number	 00000079h   
VK_F11 . . . . . . . . . . . . .	Number	 0000007Ah   
VK_F12 . . . . . . . . . . . . .	Number	 0000007Bh   
VK_F13 . . . . . . . . . . . . .	Number	 0000007Ch   
VK_F14 . . . . . . . . . . . . .	Number	 0000007Dh   
VK_F15 . . . . . . . . . . . . .	Number	 0000007Eh   
VK_F16 . . . . . . . . . . . . .	Number	 0000007Fh   
VK_F17 . . . . . . . . . . . . .	Number	 00000080h   
VK_F18 . . . . . . . . . . . . .	Number	 00000081h   
VK_F19 . . . . . . . . . . . . .	Number	 00000082h   
VK_F1  . . . . . . . . . . . . .	Number	 00000070h   
VK_F20 . . . . . . . . . . . . .	Number	 00000083h   
VK_F21 . . . . . . . . . . . . .	Number	 00000084h   
VK_F22 . . . . . . . . . . . . .	Number	 00000085h   
VK_F23 . . . . . . . . . . . . .	Number	 00000086h   
VK_F24 . . . . . . . . . . . . .	Number	 00000087h   
VK_F2  . . . . . . . . . . . . .	Number	 00000071h   
VK_F3  . . . . . . . . . . . . .	Number	 00000072h   
VK_F4  . . . . . . . . . . . . .	Number	 00000073h   
VK_F5  . . . . . . . . . . . . .	Number	 00000074h   
VK_F6  . . . . . . . . . . . . .	Number	 00000075h   
VK_F7  . . . . . . . . . . . . .	Number	 00000076h   
VK_F8  . . . . . . . . . . . . .	Number	 00000077h   
VK_F9  . . . . . . . . . . . . .	Number	 00000078h   
VK_HELP  . . . . . . . . . . . .	Number	 0000002Fh   
VK_HOME  . . . . . . . . . . . .	Number	 00000024h   
VK_INSERT  . . . . . . . . . . .	Number	 0000002Dh   
VK_LBUTTON . . . . . . . . . . .	Number	 00000001h   
VK_LCONTROL  . . . . . . . . . .	Number	 000000A2h   
VK_LEFT  . . . . . . . . . . . .	Number	 00000025h   
VK_LMENU . . . . . . . . . . . .	Number	 000000A4h   
VK_LSHIFT  . . . . . . . . . . .	Number	 000000A0h   
VK_MENU  . . . . . . . . . . . .	Number	 00000012h   
VK_MULTIPLY  . . . . . . . . . .	Number	 0000006Ah   
VK_NEXT  . . . . . . . . . . . .	Number	 00000022h   
VK_NUMLOCK . . . . . . . . . . .	Number	 00000090h   
VK_NUMPAD0 . . . . . . . . . . .	Number	 00000060h   
VK_NUMPAD1 . . . . . . . . . . .	Number	 00000061h   
VK_NUMPAD2 . . . . . . . . . . .	Number	 00000062h   
VK_NUMPAD3 . . . . . . . . . . .	Number	 00000063h   
VK_NUMPAD4 . . . . . . . . . . .	Number	 00000064h   
VK_NUMPAD5 . . . . . . . . . . .	Number	 00000065h   
VK_NUMPAD6 . . . . . . . . . . .	Number	 00000066h   
VK_NUMPAD7 . . . . . . . . . . .	Number	 00000067h   
VK_NUMPAD8 . . . . . . . . . . .	Number	 00000068h   
VK_NUMPAD9 . . . . . . . . . . .	Number	 00000069h   
VK_PAUSE . . . . . . . . . . . .	Number	 00000013h   
VK_PRINT . . . . . . . . . . . .	Number	 0000002Ah   
VK_PRIOR . . . . . . . . . . . .	Number	 00000021h   
VK_RBUTTON . . . . . . . . . . .	Number	 00000002h   
VK_RCONTROL  . . . . . . . . . .	Number	 000000A3h   
VK_RETURN  . . . . . . . . . . .	Number	 0000000Dh   
VK_RIGHT . . . . . . . . . . . .	Number	 00000027h   
VK_RMENU . . . . . . . . . . . .	Number	 000000A5h   
VK_RSHIFT  . . . . . . . . . . .	Number	 000000A1h   
VK_SCROLL  . . . . . . . . . . .	Number	 00000091h   
VK_SEPARATER . . . . . . . . . .	Number	 0000006Ch   
VK_SHIFT . . . . . . . . . . . .	Number	 00000010h   
VK_SNAPSHOT  . . . . . . . . . .	Number	 0000002Ch   
VK_SPACE . . . . . . . . . . . .	Number	 00000020h   
VK_SUBTRACT  . . . . . . . . . .	Number	 0000006Dh   
VK_TAB . . . . . . . . . . . . .	Number	 00000009h   
VK_UP  . . . . . . . . . . . . .	Number	 00000026h   
WINDOW_BUFFER_SIZE_EVENT . . . .	Number	 00000004h   
WriteConsoleOutputCharacter  . .	Text   	 WriteConsoleOutputCharacterA
WriteConsole . . . . . . . . . .	Text   	 WriteConsoleA
black  . . . . . . . . . . . . .	Number	 00000000h   
blue . . . . . . . . . . . . . .	Number	 00000001h   
brown  . . . . . . . . . . . . .	Number	 00000006h   
chosenDifficulty . . . . . . . .	Byte	 00000000 FLAT	External STDCALL
currState  . . . . . . . . . . .	Byte	 00000000 _DATA	Public STDCALL
cyan . . . . . . . . . . . . . .	Number	 00000003h   
exit . . . . . . . . . . . . . .	Text   	 INVOKE ExitProcess,0
gray . . . . . . . . . . . . . .	Number	 00000008h   
green  . . . . . . . . . . . . .	Number	 00000002h   
labScore . . . . . . . . . . . .	DWord	 00000000 FLAT	External STDCALL
last_input . . . . . . . . . . .	Byte	 00000001 _DATA	
lightBlue  . . . . . . . . . . .	Number	 00000009h   
lightCyan  . . . . . . . . . . .	Number	 0000000Bh   
lightGray  . . . . . . . . . . .	Number	 00000007h   
lightGreen . . . . . . . . . . .	Number	 0000000Ah   
lightMagenta . . . . . . . . . .	Number	 0000000Dh   
lightRed . . . . . . . . . . . .	Number	 0000000Ch   
magenta  . . . . . . . . . . . .	Number	 00000005h   
quizScore  . . . . . . . . . . .	DWord	 00000000 FLAT	External STDCALL
red  . . . . . . . . . . . . . .	Number	 00000004h   
scoreLabLabel  . . . . . . . . .	Byte	 0000000A _DATA	
scoreQuizLabel . . . . . . . . .	Byte	 00000002 _DATA	
scoreSuffix100 . . . . . . . . .	Byte	 00000024 _DATA	
scoreSuffix50  . . . . . . . . .	Byte	 00000012 _DATA	
scoreTotalLabel  . . . . . . . .	Byte	 00000016 _DATA	
white  . . . . . . . . . . . . .	Number	 0000000Fh   
wsprintf . . . . . . . . . . . .	Text   	 wsprintfA
yellow . . . . . . . . . . . . .	Number	 0000000Eh   

	   0 Warnings
	   0 Errors
