Microsoft (R) Macro Assembler Version 14.00.24210.0	    04/26/26 16:38:22
GameWindow.asm						     Page 1 - 1


				; This will handle the displaying of the game window
				
				INCLUDE Irvine32.inc
			      C ; Include file for Irvine32.lib             (Irvine32.inc)
			      C 
			      C ;OPTION CASEMAP:NONE		; optional: make identifiers case-sensitive
			      C 
			      C INCLUDE SmallWin.inc		; MS-Windows prototypes, structures, and constants
			      C .NOLIST
			      C .LIST
			      C 
			      C INCLUDE VirtualKeys.inc
			      C ; VirtualKeys.inc
			      C .NOLIST
			      C .LIST
			      C 
			      C 
			      C .NOLIST
			      C .LIST
			      C 
				
				DrawDinoGame PROTO
				WriteConsoleOutputA PROTO, \
				    hConsoleOutput:DWORD, \
				    lpBuffer:PTR BYTE, \
				    dwBufferSize:DWORD, \
				    dwBufferCoord:DWORD, \
				    lpWriteRegion:PTR BYTE
				
 00000000			.data
				; Screen buffer: 80x25 cells, 2 bytes each (char + attribute)
 = 00000050			SCREEN_WIDTH    = 80
 = 00000019			SCREEN_HEIGHT   = 25
 = 00001F40			SCREEN_BUF_SIZE = SCREEN_WIDTH * SCREEN_HEIGHT * 4
 00000000  00001F40 [		screenBuffer    BYTE SCREEN_BUF_SIZE DUP(0)
	    00
	   ]
				
				; Current virtual cursor position and color for buffer writes
 00001F40 00			bufCursorX      BYTE 0
 00001F41 00			bufCursorY      BYTE 0
 00001F42 0F			bufColor        BYTE (white + (black * 16))
				
				; WriteConsoleOutput structures
 00001F43 0050			wcoBufSize      WORD SCREEN_WIDTH
 00001F45  0019			                WORD SCREEN_HEIGHT
 00001F47 0000			wcoBufCoord     WORD 0
 00001F49  0000			                WORD 0
 00001F4B 0000			wcoWriteRegion  WORD 0
 00001F4D  0000			                WORD 0
 00001F4F  004F			                WORD SCREEN_WIDTH - 1
 00001F51  0018			                WORD SCREEN_HEIGHT - 1
				
 00001F53 2B 2D 2D 2D 2D	hBorder         BYTE "+-------------------------------------++-------------------------------------+", 0
	   2D 2D 2D 2D 2D
	   2D 2D 2D 2D 2D
	   2D 2D 2D 2D 2D
	   2D 2D 2D 2D 2D
	   2D 2D 2D 2D 2D
	   2D 2D 2D 2D 2D
	   2D 2D 2D 2B 2B
	   2D 2D 2D 2D 2D
	   2D 2D 2D 2D 2D
	   2D 2D 2D 2D 2D
	   2D 2D 2D 2D 2D
	   2D 2D 2D 2D 2D
	   2D 2D 2D 2D 2D
	   2D 2D 2D 2D 2D
	   2D 2D 2B 00
 00001FA2 7C 20 20 20 20	vBorder         BYTE "|                                     ||                                     |", 0
	   20 20 20 20 20
	   20 20 20 20 20
	   20 20 20 20 20
	   20 20 20 20 20
	   20 20 20 20 20
	   20 20 20 20 20
	   20 20 20 7C 7C
	   20 20 20 20 20
	   20 20 20 20 20
	   20 20 20 20 20
	   20 20 20 20 20
	   20 20 20 20 20
	   20 20 20 20 20
	   20 20 20 20 20
	   20 20 7C 00
 00001FF1 2B 2D 2D 2D 2D	hBorderLeft     BYTE "+-------------------------------------+", 0
	   2D 2D 2D 2D 2D
	   2D 2D 2D 2D 2D
	   2D 2D 2D 2D 2D
	   2D 2D 2D 2D 2D
	   2D 2D 2D 2D 2D
	   2D 2D 2D 2D 2D
	   2D 2D 2D 2B 00
 00002019 7C 20 20 20 20	vBorderLeft     BYTE "|                                     |", 0
	   20 20 20 20 20
	   20 20 20 20 20
	   20 20 20 20 20
	   20 20 20 20 20
	   20 20 20 20 20
	   20 20 20 20 20
	   20 20 20 7C 00
				
				; Start screen information
 00002041 73 74 61 72 74	scTextFile      BYTE "start_screen.txt", 0
	   5F 73 63 72 65
	   65 6E 2E 74 78
	   74 00
 = 000007D0			SC_BUFFER_SIZE  = 2000
 00002052			scBuffer        BYTE SC_BUFFER_SIZE DUP(?)
				
				; Scratch buffer for BufWriteDec digit conversion (max 10 digits + null)
 00002822			decScratch      BYTE 11 DUP(0)
				
				; External variables
				EXTERN currState:BYTE
				
 00000000			.code
				PUBLIC UpdateScreen
				PUBLIC ClearScreen
				PUBLIC DrawBase
				PUBLIC DrawDinoBase
				PUBLIC BufGotoxy
				PUBLIC BufSetTextColor
				PUBLIC BufWriteString
				PUBLIC BufWriteChar
				PUBLIC BufWriteDec
				PUBLIC BufClearScreen
				PUBLIC FlushScreenBuffer
				
				; Sets the virtual cursor position for buffer writes
				; IN: dh = row, dl = col
 00000000			BufGotoxy PROC
 00000000  88 15 00001F40 R	    mov bufCursorX, dl
 00000006  88 35 00001F41 R	    mov bufCursorY, dh
 0000000C  C3			    ret
 0000000D			BufGotoxy ENDP
				
				; Sets the current buffer write color
				; IN: eax = color attribute
 0000000D			BufSetTextColor PROC
 0000000D  A2 00001F42 R	    mov bufColor, al
 00000012  C3			    ret
 00000013			BufSetTextColor ENDP
				
				; Writes a null-terminated string into screenBuffer at current cursor pos
				; IN: edx = string address
 00000013			BufWriteString PROC
 00000013  50			    push eax
 00000014  53			    push ebx
 00000015  57			    push edi
 00000016  56			    push esi
				
 00000017  8B F2		    mov esi, edx
				
 00000019			    bws_loop:
 00000019  8A 06		        mov al, BYTE PTR [esi]
 0000001B  3C 00		        cmp al, 0
 0000001D  74 55		        je bws_done
				
 0000001F  0F B6 3D		        movzx edi, bufCursorY
	   00001F41 R
 00000026  6B FF 50		        imul edi, SCREEN_WIDTH
 00000029  0F B6 1D		        movzx ebx, bufCursorX
	   00001F40 R
 00000030  03 FB		        add edi, ebx
 00000032  C1 E7 02		        shl edi, 2
				
 00000035  88 87 00000000 R	        mov BYTE PTR screenBuffer[edi], al
 0000003B  C6 87 00000001 R	        mov BYTE PTR screenBuffer[edi + 1], 0
	   00
 00000042  8A 1D 00001F42 R	        mov bl, bufColor
 00000048  88 9F 00000002 R	        mov BYTE PTR screenBuffer[edi + 2], bl
 0000004E  C6 87 00000003 R	        mov BYTE PTR screenBuffer[edi + 3], 0
	   00
				
 00000055  FE 05 00001F40 R	        inc bufCursorX
 0000005B  80 3D 00001F40 R	        cmp bufCursorX, SCREEN_WIDTH
	   50
 00000062  7C 0D		        jl bws_next
 00000064  C6 05 00001F40 R	        mov bufCursorX, 0
	   00
 0000006B  FE 05 00001F41 R	        inc bufCursorY
				
 00000071			        bws_next:
 00000071  46			        inc esi
 00000072  EB A5		        jmp bws_loop
				
 00000074			    bws_done:
 00000074  5E			    pop esi
 00000075  5F			    pop edi
 00000076  5B			    pop ebx
 00000077  58			    pop eax
 00000078  C3			    ret
 00000079			BufWriteString ENDP
				
				; Writes a single character into screenBuffer at current cursor pos
				; IN: al = character
 00000079			BufWriteChar PROC
 00000079  50			    push eax
 0000007A  53			    push ebx
 0000007B  57			    push edi
				
 0000007C  8A D8		    mov bl, al
				
 0000007E  0F B6 3D		    movzx edi, bufCursorY
	   00001F41 R
 00000085  6B FF 50		    imul edi, SCREEN_WIDTH
 00000088  0F B6 05		    movzx eax, bufCursorX
	   00001F40 R
 0000008F  03 F8		    add edi, eax
 00000091  C1 E7 02		    shl edi, 2
				
 00000094  88 9F 00000000 R	    mov BYTE PTR screenBuffer[edi], bl
 0000009A  C6 87 00000001 R	    mov BYTE PTR screenBuffer[edi + 1], 0
	   00
 000000A1  8A 1D 00001F42 R	    mov bl, bufColor
 000000A7  88 9F 00000002 R	    mov BYTE PTR screenBuffer[edi + 2], bl
 000000AD  C6 87 00000003 R	    mov BYTE PTR screenBuffer[edi + 3], 0
	   00
				
 000000B4  FE 05 00001F40 R	    inc bufCursorX
 000000BA  80 3D 00001F40 R	    cmp bufCursorX, SCREEN_WIDTH
	   50
 000000C1  7C 0D		    jl bwc_done
 000000C3  C6 05 00001F40 R	    mov bufCursorX, 0
	   00
 000000CA  FE 05 00001F41 R	    inc bufCursorY
				
 000000D0			    bwc_done:
 000000D0  5F			    pop edi
 000000D1  5B			    pop ebx
 000000D2  58			    pop eax
 000000D3  C3			    ret
 000000D4			BufWriteChar ENDP
				
				; Writes an unsigned decimal integer into screenBuffer
				; IN: eax = value to write
 000000D4			BufWriteDec PROC
 000000D4  50			    push eax
 000000D5  53			    push ebx
 000000D6  51			    push ecx
 000000D7  52			    push edx
 000000D8  56			    push esi
				
				    ; Convert eax to decimal string in decScratch
 000000D9  B9 00000000		    mov ecx, 0                          ; digit count
 000000DE  BB 0000000A		    mov ebx, 10
				
				    ; handle zero specially
 000000E3  83 F8 00		    cmp eax, 0
 000000E6  75 1A		    jne bwd_divide_loop
 000000E8  C6 05 00002822 R	    mov BYTE PTR decScratch, '0'
	   30
 000000EF  C6 05 00002823 R	    mov BYTE PTR decScratch + 1, 0
	   00
 000000F6  BA 00002822 R	    mov edx, OFFSET decScratch
 000000FB  E8 FFFFFF13		    call BufWriteString
 00000100  EB 51		    jmp bwd_done
				
 00000102			    bwd_divide_loop:
 00000102  83 F8 00		        cmp eax, 0
 00000105  74 13		        je bwd_build_string
 00000107  BA 00000000		        mov edx, 0
 0000010C  F7 F3		        div ebx                         ; eax = quotient, edx = remainder
 0000010E  80 C2 30		        add dl, '0'
 00000111  88 91 00002822 R	        mov BYTE PTR decScratch[ecx], dl
 00000117  41			        inc ecx
 00000118  EB E8		        jmp bwd_divide_loop
				
 0000011A			    bwd_build_string:
				    ; digits are in reverse order in decScratch, reverse them
 0000011A  C6 81 00002822 R	    mov BYTE PTR decScratch[ecx], 0    ; null terminate
	   00
				    ; reverse in place
 00000121  BE 00000000		    mov esi, 0
 00000126  8B D9		    mov ebx, ecx
 00000128  4B			    dec ebx                             ; ebx = last index
 00000129			    bwd_reverse:
 00000129  3B F3		        cmp esi, ebx
 0000012B  7D 1C		        jge bwd_reversed
 0000012D  8A 86 00002822 R	        mov al, BYTE PTR decScratch[esi]
 00000133  8A 8B 00002822 R	        mov cl, BYTE PTR decScratch[ebx]
 00000139  88 8E 00002822 R	        mov BYTE PTR decScratch[esi], cl
 0000013F  88 83 00002822 R	        mov BYTE PTR decScratch[ebx], al
 00000145  46			        inc esi
 00000146  4B			        dec ebx
 00000147  EB E0		        jmp bwd_reverse
 00000149			    bwd_reversed:
 00000149  BA 00002822 R	    mov edx, OFFSET decScratch
 0000014E  E8 FFFFFEC0		    call BufWriteString
				
 00000153			    bwd_done:
 00000153  5E			    pop esi
 00000154  5A			    pop edx
 00000155  59			    pop ecx
 00000156  5B			    pop ebx
 00000157  58			    pop eax
 00000158  C3			    ret
 00000159			BufWriteDec ENDP
				
				; Clears screenBuffer to spaces with white-on-black
 00000159			BufClearScreen PROC
 00000159  50			    push eax
 0000015A  51			    push ecx
				
 0000015B  B9 00000000		    mov ecx, 0
 00000160			    bcs_loop:
 00000160  81 F9 00001F40	        cmp ecx, SCREEN_BUF_SIZE
 00000166  7D 21		        jge bcs_done
 00000168  C6 81 00000000 R	        mov BYTE PTR screenBuffer[ecx], ' '
	   20
 0000016F  C6 81 00000001 R	        mov BYTE PTR screenBuffer[ecx + 1], 0
	   00
 00000176  C6 81 00000002 R	        mov BYTE PTR screenBuffer[ecx + 2], (white + (black * 16))
	   0F
 0000017D  C6 81 00000003 R	        mov BYTE PTR screenBuffer[ecx + 3], 0
	   00
 00000184  83 C1 04		        add ecx, 4
 00000187  EB D7		        jmp bcs_loop
 00000189			    bcs_done:
				
 00000189  C6 05 00001F40 R	    mov bufCursorX, 0
	   00
 00000190  C6 05 00001F41 R	    mov bufCursorY, 0
	   00
 00000197  C6 05 00001F42 R	    mov bufColor, (white + (black * 16))
	   0F
				
 0000019E  59			    pop ecx
 0000019F  58			    pop eax
 000001A0  C3			    ret
 000001A1			BufClearScreen ENDP
				
				; Flushes screenBuffer to console in one call
 000001A1			FlushScreenBuffer PROC
 000001A1  50			    push eax
 000001A2  53			    push ebx
 000001A3  51			    push ecx
 000001A4  52			    push edx
 000001A5  56			    push esi
				
 000001A6  6A F5		    push -11
 000001A8  E8 00000000 E	    call GetStdHandle
				
				    invoke WriteConsoleOutputA, \
				        eax, \
				        ADDR screenBuffer, \
				        DWORD PTR wcoBufSize, \
				        DWORD PTR wcoBufCoord, \
				        ADDR wcoWriteRegion
				
 000001C9  5E			    pop esi
 000001CA  5A			    pop edx
 000001CB  59			    pop ecx
 000001CC  5B			    pop ebx
 000001CD  58			    pop eax
 000001CE  C3			    ret
 000001CF			FlushScreenBuffer ENDP
				
 000001CF			UpdateScreen PROC
				    .if currState == 0
 000001D8  E8 00000106		        call StartScreen
				
				    .elseif currState == 1
 000001E8  E8 0000004C		        call DrawDinoBase
 000001ED  E8 00000000 E	        call DrawDinoGame
				
				    .elseif currState == 3
 000001FD  E8 00000037		        call DrawDinoBase
 00000202  E8 00000000 E	        call DrawDinoGame
				
				    .elseif currState == 4
 00000212  E8 00000022		        call DrawDinoBase
 00000217  E8 00000000 E	        call DrawDinoGame
				
				    .elseif currState == 6
 00000227  E8 0000000D		        call DrawDinoBase
 0000022C  E8 00000000 E	        call DrawDinoGame
				
				    .else
 00000233  E8 00000059		        call DrawBase
				    .endif
				
 00000238  C3			    ret
 00000239			UpdateScreen ENDP
				
 00000239			DrawDinoBase PROC
 00000239  B8 00000008		    mov eax, gray + (black * 16)
 0000023E  E8 FFFFFDCA		    call BufSetTextColor
				
 00000243  B6 00		    mov dh, 0
 00000245  B2 00		    mov dl, 0
 00000247  E8 FFFFFDB4		    call BufGotoxy
 0000024C  BA 00001FF1 R	    mov edx, OFFSET hBorderLeft
 00000251  E8 FFFFFDBD		    call BufWriteString
				
 00000256  B1 00		    mov cl, 0
 00000258			dino_border_loop_start:
 00000258  8A F1		    mov dh, cl
 0000025A  80 C6 01		    add dh, 1
 0000025D  B2 00		    mov dl, 0
 0000025F  E8 FFFFFD9C		    call BufGotoxy
 00000264  BA 00002019 R	    mov edx, OFFSET vBorderLeft
 00000269  E8 FFFFFDA5		    call BufWriteString
				
 0000026E  FE C1		    inc cl
				    .if cl < 22
 00000275  EB E1		        jmp dino_border_loop_start
				    .endif
				
 00000277  B6 17		    mov dh, 23
 00000279  B2 00		    mov dl, 0
 0000027B  E8 FFFFFD80		    call BufGotoxy
 00000280  BA 00001FF1 R	    mov edx, OFFSET hBorderLeft
 00000285  E8 FFFFFD89		    call BufWriteString
				
 0000028A  C3			    ret
 0000028B			DrawDinoBase ENDP
				
 0000028B			ClearScreen PROC
 0000028B  E8 FFFFFEC9		    call BufClearScreen
 00000290  C3			    ret
 00000291			ClearScreen ENDP
				
 00000291			DrawBase PROC
 00000291  B8 00000008		    mov eax, gray + (black * 16)
 00000296  E8 FFFFFD72		    call BufSetTextColor
				
 0000029B  B6 00		    mov dh, 0
 0000029D  B2 00		    mov dl, 0
 0000029F  E8 FFFFFD5C		    call BufGotoxy
 000002A4  BA 00001F53 R	    mov edx, OFFSET hBorder
 000002A9  E8 FFFFFD65		    call BufWriteString
				
 000002AE  B1 00		    mov cl, 0
 000002B0			    vBorder_loop_start:
 000002B0  8A F1		        mov dh, cl
 000002B2  80 C6 01		        add dh, 1
 000002B5  B2 00		        mov dl, 0
 000002B7  E8 FFFFFD44		        call BufGotoxy
 000002BC  BA 00001FA2 R	        mov edx, OFFSET vBorder
 000002C1  E8 FFFFFD4D		        call BufWriteString
				
 000002C6  FE C1		        inc cl
				        .if cl < 22
 000002CD  EB E1		            jmp vBorder_loop_start
				        .endif
				
 000002CF  B6 17		    mov dh, 23
 000002D1  B2 00		    mov dl, 0
 000002D3  E8 FFFFFD28		    call BufGotoxy
 000002D8  BA 00001F53 R	    mov edx, OFFSET hBorder
 000002DD  E8 FFFFFD31		    call BufWriteString
				
 000002E2  C3			    ret
 000002E3			DrawBase ENDP
				
 000002E3			StartScreen PROC
 000002E3  BA 00002041 R	    mov edx, OFFSET scTextFile
 000002E8  E8 00000000 E	    call OpenInputFile
				
 000002ED  BA 00002052 R	    mov edx, OFFSET scBuffer
 000002F2  B9 000007CF		    mov ecx, SC_BUFFER_SIZE - 1
 000002F7  E8 00000000 E	    call ReadFromFile
 000002FC  C6 80 00002052 R	    mov BYTE PTR [scBuffer + eax], 0
	   00
				
 00000303  B8 0000000F		    mov eax, white + (black * 16)
 00000308  E8 FFFFFD00		    call BufSetTextColor
 0000030D  E8 FFFFFE47		    call BufClearScreen
 00000312  BA 00002052 R	    mov edx, OFFSET scBuffer
 00000317  E8 FFFFFCF7		    call BufWriteString
				
 0000031C  C3			    ret
 0000031D			StartScreen ENDP
				
				END
Microsoft (R) Macro Assembler Version 14.00.24210.0	    04/26/26 16:38:22
GameWindow.asm						     Symbols 2 - 1




Structures and Unions:

                N a m e                  Size
                                         Offset      Type

CONSOLE_CURSOR_INFO  . . . . . .	 00000008
  dwSize . . . . . . . . . . . .	 00000000	 DWord
  bVisible . . . . . . . . . . .	 00000004	 DWord
CONSOLE_SCREEN_BUFFER_INFO . . .	 00000016
  dwSize . . . . . . . . . . . .	 00000000	 DWord
  dwCursorPosition . . . . . . .	 00000004	 DWord
  wAttributes  . . . . . . . . .	 00000008	 Word
  srWindow . . . . . . . . . . .	 0000000A	 QWord
  dwMaximumWindowSize  . . . . .	 00000012	 DWord
COORD  . . . . . . . . . . . . .	 00000004
  X  . . . . . . . . . . . . . .	 00000000	 Word
  Y  . . . . . . . . . . . . . .	 00000002	 Word
FILETIME . . . . . . . . . . . .	 00000008
  loDateTime . . . . . . . . . .	 00000000	 DWord
  hiDateTime . . . . . . . . . .	 00000004	 DWord
FOCUS_EVENT_RECORD . . . . . . .	 00000004
  bSetFocus  . . . . . . . . . .	 00000000	 DWord
FPU_ENVIRON  . . . . . . . . . .	 0000001C
  controlWord  . . . . . . . . .	 00000000	 Word
  statusWord . . . . . . . . . .	 00000004	 Word
  tagWord  . . . . . . . . . . .	 00000008	 Word
  instrPointerOffset . . . . . .	 0000000C	 DWord
  instrPointerSelector . . . . .	 00000010	 DWord
  operandPointerOffset . . . . .	 00000014	 DWord
  operandPointerSelector . . . .	 00000018	 Word
INPUT_RECORD . . . . . . . . . .	 00000014
  EventType  . . . . . . . . . .	 00000000	 Word
  Event  . . . . . . . . . . . .	 00000004	 XmmWord
  bKeyDown . . . . . . . . . . .	 00000000	 DWord
  wRepeatCount . . . . . . . . .	 00000004	 Word
  wVirtualKeyCode  . . . . . . .	 00000006	 Word
  wVirtualScanCode . . . . . . .	 00000008	 Word
  uChar  . . . . . . . . . . . .	 0000000A	 Word
  UnicodeChar  . . . . . . . . .	 00000000	 Word
  AsciiChar  . . . . . . . . . .	 00000000	 Byte
  dwControlKeyState  . . . . . .	 0000000C	 DWord
  dwMousePosition  . . . . . . .	 00000000	 DWord
  dwButtonState  . . . . . . . .	 00000004	 DWord
  dwMouseControlKeyState . . . .	 00000008	 DWord
  dwEventFlags . . . . . . . . .	 0000000C	 DWord
  dwSize . . . . . . . . . . . .	 00000000	 DWord
  dwCommandId  . . . . . . . . .	 00000000	 DWord
  bSetFocus  . . . . . . . . . .	 00000000	 DWord
KEY_EVENT_RECORD . . . . . . . .	 00000010
  bKeyDown . . . . . . . . . . .	 00000000	 DWord
  wRepeatCount . . . . . . . . .	 00000004	 Word
  wVirtualKeyCode  . . . . . . .	 00000006	 Word
  wVirtualScanCode . . . . . . .	 00000008	 Word
  uChar  . . . . . . . . . . . .	 0000000A	 Word
  UnicodeChar  . . . . . . . . .	 00000000	 Word
  AsciiChar  . . . . . . . . . .	 00000000	 Byte
  dwControlKeyState  . . . . . .	 0000000C	 DWord
MENU_EVENT_RECORD  . . . . . . .	 00000004
  dwCommandId  . . . . . . . . .	 00000000	 DWord
MOUSE_EVENT_RECORD . . . . . . .	 00000010
  dwMousePosition  . . . . . . .	 00000000	 DWord
  dwButtonState  . . . . . . . .	 00000004	 DWord
  dwMouseControlKeyState . . . .	 00000008	 DWord
  dwEventFlags . . . . . . . . .	 0000000C	 DWord
SMALL_RECT . . . . . . . . . . .	 00000008
  Left . . . . . . . . . . . . .	 00000000	 Word
  Top  . . . . . . . . . . . . .	 00000002	 Word
  Right  . . . . . . . . . . . .	 00000004	 Word
  Bottom . . . . . . . . . . . .	 00000006	 Word
SYSTEMTIME . . . . . . . . . . .	 00000010
  wYear  . . . . . . . . . . . .	 00000000	 Word
  wMonth . . . . . . . . . . . .	 00000002	 Word
  wDayOfWeek . . . . . . . . . .	 00000004	 Word
  wDay . . . . . . . . . . . . .	 00000006	 Word
  wHour  . . . . . . . . . . . .	 00000008	 Word
  wMinute  . . . . . . . . . . .	 0000000A	 Word
  wSecond  . . . . . . . . . . .	 0000000C	 Word
  wMilliseconds  . . . . . . . .	 0000000E	 Word
WINDOW_BUFFER_SIZE_RECORD  . . .	 00000004
  dwSize . . . . . . . . . . . .	 00000000	 DWord


Segments and Groups:

                N a m e                 Size     Length   Align   Combine Class

FLAT . . . . . . . . . . . . . .	GROUP
STACK  . . . . . . . . . . . . .	32 Bit	 00001000 Para	  Stack	  'STACK'	 
_DATA  . . . . . . . . . . . . .	32 Bit	 0000282D Para	  Public  'DATA'	
_TEXT  . . . . . . . . . . . . .	32 Bit	 0000031D Para	  Public  'CODE'	


Procedures, parameters, and locals:

                N a m e                 Type     Value    Attr

BufClearScreen . . . . . . . . .	P Near	 00000159 _TEXT	Length= 00000048 Public STDCALL
  bcs_loop . . . . . . . . . . .	L Near	 00000160 _TEXT	
  bcs_done . . . . . . . . . . .	L Near	 00000189 _TEXT	
BufGotoxy  . . . . . . . . . . .	P Near	 00000000 _TEXT	Length= 0000000D Public STDCALL
BufSetTextColor  . . . . . . . .	P Near	 0000000D _TEXT	Length= 00000006 Public STDCALL
BufWriteChar . . . . . . . . . .	P Near	 00000079 _TEXT	Length= 0000005B Public STDCALL
  bwc_done . . . . . . . . . . .	L Near	 000000D0 _TEXT	
BufWriteDec  . . . . . . . . . .	P Near	 000000D4 _TEXT	Length= 00000085 Public STDCALL
  bwd_divide_loop  . . . . . . .	L Near	 00000102 _TEXT	
  bwd_build_string . . . . . . .	L Near	 0000011A _TEXT	
  bwd_reverse  . . . . . . . . .	L Near	 00000129 _TEXT	
  bwd_reversed . . . . . . . . .	L Near	 00000149 _TEXT	
  bwd_done . . . . . . . . . . .	L Near	 00000153 _TEXT	
BufWriteString . . . . . . . . .	P Near	 00000013 _TEXT	Length= 00000066 Public STDCALL
  bws_loop . . . . . . . . . . .	L Near	 00000019 _TEXT	
  bws_next . . . . . . . . . . .	L Near	 00000071 _TEXT	
  bws_done . . . . . . . . . . .	L Near	 00000074 _TEXT	
ClearScreen  . . . . . . . . . .	P Near	 0000028B _TEXT	Length= 00000006 Public STDCALL
CloseFile  . . . . . . . . . . .	P Near	 00000000 FLAT	Length= 00000000 External STDCALL
CloseHandle  . . . . . . . . . .	P Near	 00000000 FLAT	Length= 00000000 External STDCALL
Clrscr . . . . . . . . . . . . .	P Near	 00000000 FLAT	Length= 00000000 External STDCALL
CreateFileA  . . . . . . . . . .	P Near	 00000000 FLAT	Length= 00000000 External STDCALL
CreateOutputFile . . . . . . . .	P Near	 00000000 FLAT	Length= 00000000 External STDCALL
Crlf . . . . . . . . . . . . . .	P Near	 00000000 FLAT	Length= 00000000 External STDCALL
Delay  . . . . . . . . . . . . .	P Near	 00000000 FLAT	Length= 00000000 External STDCALL
DrawBase . . . . . . . . . . . .	P Near	 00000291 _TEXT	Length= 00000052 Public STDCALL
  vBorder_loop_start . . . . . .	L Near	 000002B0 _TEXT	
DrawDinoBase . . . . . . . . . .	P Near	 00000239 _TEXT	Length= 00000052 Public STDCALL
  dino_border_loop_start . . . .	L Near	 00000258 _TEXT	
DrawDinoGame . . . . . . . . . .	P Near	 00000000 FLAT	Length= 00000000 External STDCALL
DumpMem  . . . . . . . . . . . .	P Near	 00000000 FLAT	Length= 00000000 External STDCALL
DumpRegs . . . . . . . . . . . .	P Near	 00000000 FLAT	Length= 00000000 External STDCALL
ExitProcess  . . . . . . . . . .	P Near	 00000000 FLAT	Length= 00000000 External STDCALL
FileTimeToDosDateTime  . . . . .	P Near	 00000000 FLAT	Length= 00000000 External STDCALL
FileTimeToSystemTime . . . . . .	P Near	 00000000 FLAT	Length= 00000000 External STDCALL
FlushConsoleInputBuffer  . . . .	P Near	 00000000 FLAT	Length= 00000000 External STDCALL
FlushScreenBuffer  . . . . . . .	P Near	 000001A1 _TEXT	Length= 0000002E Public STDCALL
FormatMessageA . . . . . . . . .	P Near	 00000000 FLAT	Length= 00000000 External STDCALL
GetCommandLineA  . . . . . . . .	P Near	 00000000 FLAT	Length= 00000000 External STDCALL
GetCommandTail . . . . . . . . .	P Near	 00000000 FLAT	Length= 00000000 External STDCALL
GetConsoleCP . . . . . . . . . .	P Near	 00000000 FLAT	Length= 00000000 External STDCALL
GetConsoleCursorInfo . . . . . .	P Near	 00000000 FLAT	Length= 00000000 External STDCALL
GetConsoleMode . . . . . . . . .	P Near	 00000000 FLAT	Length= 00000000 External STDCALL
GetConsoleScreenBufferInfo . . .	P Near	 00000000 FLAT	Length= 00000000 External STDCALL
GetDateTime  . . . . . . . . . .	P Near	 00000000 FLAT	Length= 00000000 External STDCALL
GetFileTime  . . . . . . . . . .	P Near	 00000000 FLAT	Length= 00000000 External STDCALL
GetKeyState  . . . . . . . . . .	P Near	 00000000 FLAT	Length= 00000000 External STDCALL
GetLastError . . . . . . . . . .	P Near	 00000000 FLAT	Length= 00000000 External STDCALL
GetLocalTime . . . . . . . . . .	P Near	 00000000 FLAT	Length= 00000000 External STDCALL
GetMaxXY . . . . . . . . . . . .	P Near	 00000000 FLAT	Length= 00000000 External STDCALL
GetMseconds  . . . . . . . . . .	P Near	 00000000 FLAT	Length= 00000000 External STDCALL
GetNumberOfConsoleInputEvents  .	P Near	 00000000 FLAT	Length= 00000000 External STDCALL
GetProcessHeap . . . . . . . . .	P Near	 00000000 FLAT	Length= 00000000 External STDCALL
GetStdHandle . . . . . . . . . .	P Near	 00000000 FLAT	Length= 00000000 External STDCALL
GetSystemTime  . . . . . . . . .	P Near	 00000000 FLAT	Length= 00000000 External STDCALL
GetTextColor . . . . . . . . . .	P Near	 00000000 FLAT	Length= 00000000 External STDCALL
GetTickCount . . . . . . . . . .	P Near	 00000000 FLAT	Length= 00000000 External STDCALL
Gotoxy . . . . . . . . . . . . .	P Near	 00000000 FLAT	Length= 00000000 External STDCALL
HeapAlloc  . . . . . . . . . . .	P Near	 00000000 FLAT	Length= 00000000 External STDCALL
HeapCreate . . . . . . . . . . .	P Near	 00000000 FLAT	Length= 00000000 External STDCALL
HeapDestroy  . . . . . . . . . .	P Near	 00000000 FLAT	Length= 00000000 External STDCALL
HeapFree . . . . . . . . . . . .	P Near	 00000000 FLAT	Length= 00000000 External STDCALL
HeapSize . . . . . . . . . . . .	P Near	 00000000 FLAT	Length= 00000000 External STDCALL
IsDigit  . . . . . . . . . . . .	P Near	 00000000 FLAT	Length= 00000000 External STDCALL
LocalFree  . . . . . . . . . . .	P Near	 00000000 FLAT	Length= 00000000 External STDCALL
MessageBoxA  . . . . . . . . . .	P Near	 00000000 FLAT	Length= 00000000 External STDCALL
MsgBoxAsk  . . . . . . . . . . .	P Near	 00000000 FLAT	Length= 00000000 External STDCALL
MsgBox . . . . . . . . . . . . .	P Near	 00000000 FLAT	Length= 00000000 External STDCALL
OpenInputFile  . . . . . . . . .	P Near	 00000000 FLAT	Length= 00000000 External STDCALL
ParseDecimal32 . . . . . . . . .	P Near	 00000000 FLAT	Length= 00000000 External STDCALL
ParseInteger32 . . . . . . . . .	P Near	 00000000 FLAT	Length= 00000000 External STDCALL
PeekConsoleInputA  . . . . . . .	P Near	 00000000 FLAT	Length= 00000000 External STDCALL
Random32 . . . . . . . . . . . .	P Near	 00000000 FLAT	Length= 00000000 External STDCALL
RandomRange  . . . . . . . . . .	P Near	 00000000 FLAT	Length= 00000000 External STDCALL
Randomize  . . . . . . . . . . .	P Near	 00000000 FLAT	Length= 00000000 External STDCALL
ReadChar . . . . . . . . . . . .	P Near	 00000000 FLAT	Length= 00000000 External STDCALL
ReadConsoleA . . . . . . . . . .	P Near	 00000000 FLAT	Length= 00000000 External STDCALL
ReadConsoleInputA  . . . . . . .	P Near	 00000000 FLAT	Length= 00000000 External STDCALL
ReadDec  . . . . . . . . . . . .	P Near	 00000000 FLAT	Length= 00000000 External STDCALL
ReadFile . . . . . . . . . . . .	P Near	 00000000 FLAT	Length= 00000000 External STDCALL
ReadFloat  . . . . . . . . . . .	P Near	 00000000 FLAT	Length= 00000000 External STDCALL
ReadFromFile . . . . . . . . . .	P Near	 00000000 FLAT	Length= 00000000 External STDCALL
ReadHex  . . . . . . . . . . . .	P Near	 00000000 FLAT	Length= 00000000 External STDCALL
ReadInt  . . . . . . . . . . . .	P Near	 00000000 FLAT	Length= 00000000 External STDCALL
ReadKeyFlush . . . . . . . . . .	P Near	 00000000 FLAT	Length= 00000000 External STDCALL
ReadKey  . . . . . . . . . . . .	P Near	 00000000 FLAT	Length= 00000000 External STDCALL
ReadString . . . . . . . . . . .	P Near	 00000000 FLAT	Length= 00000000 External STDCALL
SetConsoleCursorInfo . . . . . .	P Near	 00000000 FLAT	Length= 00000000 External STDCALL
SetConsoleCursorPosition . . . .	P Near	 00000000 FLAT	Length= 00000000 External STDCALL
SetConsoleMode . . . . . . . . .	P Near	 00000000 FLAT	Length= 00000000 External STDCALL
SetConsoleScreenBufferSize . . .	P Near	 00000000 FLAT	Length= 00000000 External STDCALL
SetConsoleTextAttribute  . . . .	P Near	 00000000 FLAT	Length= 00000000 External STDCALL
SetConsoleTitleA . . . . . . . .	P Near	 00000000 FLAT	Length= 00000000 External STDCALL
SetConsoleWindowInfo . . . . . .	P Near	 00000000 FLAT	Length= 00000000 External STDCALL
SetFilePointer . . . . . . . . .	P Near	 00000000 FLAT	Length= 00000000 External STDCALL
SetLocalTime . . . . . . . . . .	P Near	 00000000 FLAT	Length= 00000000 External STDCALL
SetTextColor . . . . . . . . . .	P Near	 00000000 FLAT	Length= 00000000 External STDCALL
ShowFPUStack . . . . . . . . . .	P Near	 00000000 FLAT	Length= 00000000 External STDCALL
Sleep  . . . . . . . . . . . . .	P Near	 00000000 FLAT	Length= 00000000 External STDCALL
StartScreen  . . . . . . . . . .	P Near	 000002E3 _TEXT	Length= 0000003A Public STDCALL
StrLength  . . . . . . . . . . .	P Near	 00000000 FLAT	Length= 00000000 External STDCALL
Str_compare  . . . . . . . . . .	P Near	 00000000 FLAT	Length= 00000000 External STDCALL
Str_copy . . . . . . . . . . . .	P Near	 00000000 FLAT	Length= 00000000 External STDCALL
Str_length . . . . . . . . . . .	P Near	 00000000 FLAT	Length= 00000000 External STDCALL
Str_trim . . . . . . . . . . . .	P Near	 00000000 FLAT	Length= 00000000 External STDCALL
Str_ucase  . . . . . . . . . . .	P Near	 00000000 FLAT	Length= 00000000 External STDCALL
SystemTimeToFileTime . . . . . .	P Near	 00000000 FLAT	Length= 00000000 External STDCALL
UpdateScreen . . . . . . . . . .	P Near	 000001CF _TEXT	Length= 0000006A Public STDCALL
WaitMsg  . . . . . . . . . . . .	P Near	 00000000 FLAT	Length= 00000000 External STDCALL
WriteBinB  . . . . . . . . . . .	P Near	 00000000 FLAT	Length= 00000000 External STDCALL
WriteBin . . . . . . . . . . . .	P Near	 00000000 FLAT	Length= 00000000 External STDCALL
WriteChar  . . . . . . . . . . .	P Near	 00000000 FLAT	Length= 00000000 External STDCALL
WriteConsoleA  . . . . . . . . .	P Near	 00000000 FLAT	Length= 00000000 External STDCALL
WriteConsoleOutputAttribute  . .	P Near	 00000000 FLAT	Length= 00000000 External STDCALL
WriteConsoleOutputA  . . . . . .	P Near	 00000000 FLAT	Length= 00000000 External STDCALL
WriteConsoleOutputCharacterA . .	P Near	 00000000 FLAT	Length= 00000000 External STDCALL
WriteDec . . . . . . . . . . . .	P Near	 00000000 FLAT	Length= 00000000 External STDCALL
WriteFile  . . . . . . . . . . .	P Near	 00000000 FLAT	Length= 00000000 External STDCALL
WriteFloat . . . . . . . . . . .	P Near	 00000000 FLAT	Length= 00000000 External STDCALL
WriteHexB  . . . . . . . . . . .	P Near	 00000000 FLAT	Length= 00000000 External STDCALL
WriteHex . . . . . . . . . . . .	P Near	 00000000 FLAT	Length= 00000000 External STDCALL
WriteInt . . . . . . . . . . . .	P Near	 00000000 FLAT	Length= 00000000 External STDCALL
WriteStackFrameName  . . . . . .	P Near	 00000000 FLAT	Length= 00000000 External STDCALL
WriteStackFrame  . . . . . . . .	P Near	 00000000 FLAT	Length= 00000000 External STDCALL
WriteString  . . . . . . . . . .	P Near	 00000000 FLAT	Length= 00000000 External STDCALL
WriteToFile  . . . . . . . . . .	P Near	 00000000 FLAT	Length= 00000000 External STDCALL
WriteWindowsMsg  . . . . . . . .	P Near	 00000000 FLAT	Length= 00000000 External STDCALL
printf . . . . . . . . . . . . .	P Near	 00000000 FLAT	Length= 00000000 External C
scanf  . . . . . . . . . . . . .	P Near	 00000000 FLAT	Length= 00000000 External C
wsprintfA  . . . . . . . . . . .	P Near	 00000000 FLAT	Length= 00000000 External C


Symbols:

                N a m e                 Type     Value    Attr

@CodeSize  . . . . . . . . . . .	Number	 00000000h   
@DataSize  . . . . . . . . . . .	Number	 00000000h   
@Interface . . . . . . . . . . .	Number	 00000003h   
@Model . . . . . . . . . . . . .	Number	 00000007h   
@code  . . . . . . . . . . . . .	Text   	 _TEXT
@data  . . . . . . . . . . . . .	Text   	 FLAT
@fardata?  . . . . . . . . . . .	Text   	 FLAT
@fardata . . . . . . . . . . . .	Text   	 FLAT
@stack . . . . . . . . . . . . .	Text   	 FLAT
ALT_MASK . . . . . . . . . . . .	Number	 00000003h   
CAPSLOCK_ON  . . . . . . . . . .	Number	 00000080h   
CREATE_ALWAYS  . . . . . . . . .	Number	 00000002h   
CREATE_NEW . . . . . . . . . . .	Number	 00000001h   
CTRL_MASK  . . . . . . . . . . .	Number	 0000000Ch   
CreateFile . . . . . . . . . . .	Text   	 CreateFileA
DO_NOT_SHARE . . . . . . . . . .	Number	 00000000h   
ENABLE_ECHO_INPUT  . . . . . . .	Number	 00000004h   
ENABLE_LINE_INPUT  . . . . . . .	Number	 00000002h   
ENABLE_MOUSE_INPUT . . . . . . .	Number	 00000010h   
ENABLE_PROCESSED_INPUT . . . . .	Number	 00000001h   
ENABLE_PROCESSED_OUTPUT  . . . .	Number	 00000001h   
ENABLE_WINDOW_INPUT  . . . . . .	Number	 00000008h   
ENABLE_WRAP_AT_EOL_OUTPUT  . . .	Number	 00000002h   
ENHANCED_KEY . . . . . . . . . .	Number	 00000100h   
FALSE  . . . . . . . . . . . . .	Number	 00000000h   
FILE_APPEND_DATA . . . . . . . .	Number	 00000004h   
FILE_ATTRIBUTE_ARCHIVE . . . . .	Number	 00000020h   
FILE_ATTRIBUTE_COMPRESSED  . . .	Number	 00000800h   
FILE_ATTRIBUTE_DEVICE  . . . . .	Number	 00000040h   
FILE_ATTRIBUTE_DIRECTORY . . . .	Number	 00000010h   
FILE_ATTRIBUTE_ENCRYPTED . . . .	Number	 00004000h   
FILE_ATTRIBUTE_HIDDEN  . . . . .	Number	 00000002h   
FILE_ATTRIBUTE_NORMAL  . . . . .	Number	 00000080h   
FILE_ATTRIBUTE_NOT_CONTENT_INDEXED .	Number	 00002000h   
FILE_ATTRIBUTE_OFFLINE . . . . .	Number	 00001000h   
FILE_ATTRIBUTE_READONLY  . . . .	Number	 00000001h   
FILE_ATTRIBUTE_REPARSE_POINT . .	Number	 00000400h   
FILE_ATTRIBUTE_SPARSE_FILE . . .	Number	 00000200h   
FILE_ATTRIBUTE_SYSTEM  . . . . .	Number	 00000004h   
FILE_ATTRIBUTE_TEMPORARY . . . .	Number	 00000100h   
FILE_BEGIN . . . . . . . . . . .	Number	 00000000h   
FILE_CURRENT . . . . . . . . . .	Number	 00000001h   
FILE_DELETE_CHILD  . . . . . . .	Number	 00000040h   
FILE_END . . . . . . . . . . . .	Number	 00000002h   
FILE_READ_DATA . . . . . . . . .	Number	 00000001h   
FILE_SHARE_DELETE  . . . . . . .	Number	 00000004h   
FILE_SHARE_READ  . . . . . . . .	Number	 00000001h   
FILE_SHARE_WRITE . . . . . . . .	Number	 00000002h   
FILE_WRITE_DATA  . . . . . . . .	Number	 00000002h   
FOCUS_EVENT  . . . . . . . . . .	Number	 00000010h   
FORMAT_MESSAGE_ALLOCATE_BUFFER .	Number	 00000100h   
FORMAT_MESSAGE_FROM_SYSTEM . . .	Number	 00001000h   
FormatMessage  . . . . . . . . .	Text   	 FormatMessageA
GENERIC_ALL  . . . . . . . . . .	Number	 10000000h   
GENERIC_EXECUTE  . . . . . . . .	Number	 20000000h   
GENERIC_READ . . . . . . . . . .	Number	 -80000000h   
GENERIC_WRITE  . . . . . . . . .	Number	 40000000h   
GetCommandLine . . . . . . . . .	Text   	 GetCommandLineA
HANDLE . . . . . . . . . . . . .	Text   	 DWORD
HEAP_GENERATE_EXCEPTIONS . . . .	Number	 00000004h   
HEAP_GROWABLE  . . . . . . . . .	Number	 00000002h   
HEAP_NO_SERIALIZE  . . . . . . .	Number	 00000001h   
HEAP_REALLOC_IN_PLACE_ONLY . . .	Number	 00000010h   
HEAP_ZERO_MEMORY . . . . . . . .	Number	 00000008h   
IDABORT  . . . . . . . . . . . .	Number	 00000003h   
IDCANCEL . . . . . . . . . . . .	Number	 00000002h   
IDCLOSE  . . . . . . . . . . . .	Number	 00000008h   
IDCONTINUE . . . . . . . . . . .	Number	 0000000Bh   
IDHELP . . . . . . . . . . . . .	Number	 00000009h   
IDIGNORE . . . . . . . . . . . .	Number	 00000005h   
IDNO . . . . . . . . . . . . . .	Number	 00000007h   
IDOK . . . . . . . . . . . . . .	Number	 00000001h   
IDRETRY  . . . . . . . . . . . .	Number	 00000004h   
IDTIMEOUT  . . . . . . . . . . .	Number	 00007D00h   
IDTRYAGAIN . . . . . . . . . . .	Number	 0000000Ah   
IDYES  . . . . . . . . . . . . .	Number	 00000006h   
INVALID_HANDLE_VALUE . . . . . .	Number	 -00000001h   
KBDOWN_FLAG  . . . . . . . . . .	Number	 00000001h   
KEY_EVENT  . . . . . . . . . . .	Number	 00000001h   
KEY_MASKS  . . . . . . . . . . .	Number	 0000001Fh   
LEFT_ALT_PRESSED . . . . . . . .	Number	 00000002h   
LEFT_CTRL_PRESSED  . . . . . . .	Number	 00000008h   
MB_ABORTRETRYIGNORE  . . . . . .	Number	 00000002h   
MB_APPLMODAL . . . . . . . . . .	Number	 00000000h   
MB_CANCELTRYCONTINUE . . . . . .	Number	 00000006h   
MB_DEFBUTTON1  . . . . . . . . .	Number	 00000000h   
MB_DEFBUTTON2  . . . . . . . . .	Number	 00000100h   
MB_DEFBUTTON3  . . . . . . . . .	Number	 00000200h   
MB_DEFBUTTON4  . . . . . . . . .	Number	 00000300h   
MB_HELP  . . . . . . . . . . . .	Number	 00004000h   
MB_ICONASTERISK  . . . . . . . .	Number	 00000040h   
MB_ICONERROR . . . . . . . . . .	Number	 00000010h   
MB_ICONEXCLAMATION . . . . . . .	Number	 00000030h   
MB_ICONHAND  . . . . . . . . . .	Number	 00000010h   
MB_ICONINFORMATION . . . . . . .	Number	 00000040h   
MB_ICONQUESTION  . . . . . . . .	Number	 00000020h   
MB_ICONSTOP  . . . . . . . . . .	Number	 00000010h   
MB_ICONWARNING . . . . . . . . .	Number	 00000030h   
MB_OKCANCEL  . . . . . . . . . .	Number	 00000001h   
MB_OK  . . . . . . . . . . . . .	Number	 00000000h   
MB_RETRYCANCEL . . . . . . . . .	Number	 00000005h   
MB_SYSTEMMODAL . . . . . . . . .	Number	 00001000h   
MB_TASKMODAL . . . . . . . . . .	Number	 00002000h   
MB_USERICON  . . . . . . . . . .	Number	 00000080h   
MB_YESNOCANCEL . . . . . . . . .	Number	 00000003h   
MB_YESNO . . . . . . . . . . . .	Number	 00000004h   
MENU_EVENT . . . . . . . . . . .	Number	 00000008h   
MOUSE_EVENT  . . . . . . . . . .	Number	 00000002h   
MessageBox . . . . . . . . . . .	Text   	 MessageBoxA
NULL . . . . . . . . . . . . . .	Number	 00000000h   
NUMLOCK_ON . . . . . . . . . . .	Number	 00000020h   
OPEN_ALWAYS  . . . . . . . . . .	Number	 00000004h   
OPEN_EXISTING  . . . . . . . . .	Number	 00000003h   
PeekConsoleInput . . . . . . . .	Text   	 PeekConsoleInputA
RIGHT_ALT_PRESSED  . . . . . . .	Number	 00000001h   
RIGHT_CTRL_PRESSED . . . . . . .	Number	 00000004h   
ReadConsoleInput . . . . . . . .	Text   	 ReadConsoleInputA
ReadConsole  . . . . . . . . . .	Text   	 ReadConsoleA
SCREEN_BUF_SIZE  . . . . . . . .	Number	 00001F40h   
SCREEN_HEIGHT  . . . . . . . . .	Number	 00000019h   
SCREEN_WIDTH . . . . . . . . . .	Number	 00000050h   
SCROLLLOCK_ON  . . . . . . . . .	Number	 00000040h   
SC_BUFFER_SIZE . . . . . . . . .	Number	 000007D0h   
SHIFT_MASK . . . . . . . . . . .	Number	 00000010h   
SHIFT_PRESSED  . . . . . . . . .	Number	 00000010h   
STD_ERROR_HANDLE . . . . . . . .	Number	 -0000000Ch   
STD_INPUT_HANDLE . . . . . . . .	Number	 -0000000Ah   
STD_OUTPUT_HANDLE  . . . . . . .	Number	 -0000000Bh   
SetConsoleTitle  . . . . . . . .	Text   	 SetConsoleTitleA
TAB  . . . . . . . . . . . . . .	Number	 00000009h   
TRUE . . . . . . . . . . . . . .	Number	 00000001h   
TRUNCATE_EXISTING  . . . . . . .	Number	 00000005h   
VK_11  . . . . . . . . . . . . .	Number	 000000BDh   
VK_12  . . . . . . . . . . . . .	Number	 000000BBh   
VK_ADD . . . . . . . . . . . . .	Number	 0000006Bh   
VK_BACK  . . . . . . . . . . . .	Number	 00000008h   
VK_CANCEL  . . . . . . . . . . .	Number	 00000003h   
VK_CAPITAL . . . . . . . . . . .	Number	 00000014h   
VK_CLEAR . . . . . . . . . . . .	Number	 0000000Ch   
VK_CONTROL . . . . . . . . . . .	Number	 00000011h   
VK_DECIMAL . . . . . . . . . . .	Number	 0000006Eh   
VK_DELETE  . . . . . . . . . . .	Number	 0000002Eh   
VK_DIVIDE  . . . . . . . . . . .	Number	 0000006Fh   
VK_DOWN  . . . . . . . . . . . .	Number	 00000028h   
VK_END . . . . . . . . . . . . .	Number	 00000023h   
VK_ESCAPE  . . . . . . . . . . .	Number	 0000001Bh   
VK_EXECUTE . . . . . . . . . . .	Number	 0000002Bh   
VK_F10 . . . . . . . . . . . . .	Number	 00000079h   
VK_F11 . . . . . . . . . . . . .	Number	 0000007Ah   
VK_F12 . . . . . . . . . . . . .	Number	 0000007Bh   
VK_F13 . . . . . . . . . . . . .	Number	 0000007Ch   
VK_F14 . . . . . . . . . . . . .	Number	 0000007Dh   
VK_F15 . . . . . . . . . . . . .	Number	 0000007Eh   
VK_F16 . . . . . . . . . . . . .	Number	 0000007Fh   
VK_F17 . . . . . . . . . . . . .	Number	 00000080h   
VK_F18 . . . . . . . . . . . . .	Number	 00000081h   
VK_F19 . . . . . . . . . . . . .	Number	 00000082h   
VK_F1  . . . . . . . . . . . . .	Number	 00000070h   
VK_F20 . . . . . . . . . . . . .	Number	 00000083h   
VK_F21 . . . . . . . . . . . . .	Number	 00000084h   
VK_F22 . . . . . . . . . . . . .	Number	 00000085h   
VK_F23 . . . . . . . . . . . . .	Number	 00000086h   
VK_F24 . . . . . . . . . . . . .	Number	 00000087h   
VK_F2  . . . . . . . . . . . . .	Number	 00000071h   
VK_F3  . . . . . . . . . . . . .	Number	 00000072h   
VK_F4  . . . . . . . . . . . . .	Number	 00000073h   
VK_F5  . . . . . . . . . . . . .	Number	 00000074h   
VK_F6  . . . . . . . . . . . . .	Number	 00000075h   
VK_F7  . . . . . . . . . . . . .	Number	 00000076h   
VK_F8  . . . . . . . . . . . . .	Number	 00000077h   
VK_F9  . . . . . . . . . . . . .	Number	 00000078h   
VK_HELP  . . . . . . . . . . . .	Number	 0000002Fh   
VK_HOME  . . . . . . . . . . . .	Number	 00000024h   
VK_INSERT  . . . . . . . . . . .	Number	 0000002Dh   
VK_LBUTTON . . . . . . . . . . .	Number	 00000001h   
VK_LCONTROL  . . . . . . . . . .	Number	 000000A2h   
VK_LEFT  . . . . . . . . . . . .	Number	 00000025h   
VK_LMENU . . . . . . . . . . . .	Number	 000000A4h   
VK_LSHIFT  . . . . . . . . . . .	Number	 000000A0h   
VK_MENU  . . . . . . . . . . . .	Number	 00000012h   
VK_MULTIPLY  . . . . . . . . . .	Number	 0000006Ah   
VK_NEXT  . . . . . . . . . . . .	Number	 00000022h   
VK_NUMLOCK . . . . . . . . . . .	Number	 00000090h   
VK_NUMPAD0 . . . . . . . . . . .	Number	 00000060h   
VK_NUMPAD1 . . . . . . . . . . .	Number	 00000061h   
VK_NUMPAD2 . . . . . . . . . . .	Number	 00000062h   
VK_NUMPAD3 . . . . . . . . . . .	Number	 00000063h   
VK_NUMPAD4 . . . . . . . . . . .	Number	 00000064h   
VK_NUMPAD5 . . . . . . . . . . .	Number	 00000065h   
VK_NUMPAD6 . . . . . . . . . . .	Number	 00000066h   
VK_NUMPAD7 . . . . . . . . . . .	Number	 00000067h   
VK_NUMPAD8 . . . . . . . . . . .	Number	 00000068h   
VK_NUMPAD9 . . . . . . . . . . .	Number	 00000069h   
VK_PAUSE . . . . . . . . . . . .	Number	 00000013h   
VK_PRINT . . . . . . . . . . . .	Number	 0000002Ah   
VK_PRIOR . . . . . . . . . . . .	Number	 00000021h   
VK_RBUTTON . . . . . . . . . . .	Number	 00000002h   
VK_RCONTROL  . . . . . . . . . .	Number	 000000A3h   
VK_RETURN  . . . . . . . . . . .	Number	 0000000Dh   
VK_RIGHT . . . . . . . . . . . .	Number	 00000027h   
VK_RMENU . . . . . . . . . . . .	Number	 000000A5h   
VK_RSHIFT  . . . . . . . . . . .	Number	 000000A1h   
VK_SCROLL  . . . . . . . . . . .	Number	 00000091h   
VK_SEPARATER . . . . . . . . . .	Number	 0000006Ch   
VK_SHIFT . . . . . . . . . . . .	Number	 00000010h   
VK_SNAPSHOT  . . . . . . . . . .	Number	 0000002Ch   
VK_SPACE . . . . . . . . . . . .	Number	 00000020h   
VK_SUBTRACT  . . . . . . . . . .	Number	 0000006Dh   
VK_TAB . . . . . . . . . . . . .	Number	 00000009h   
VK_UP  . . . . . . . . . . . . .	Number	 00000026h   
WINDOW_BUFFER_SIZE_EVENT . . . .	Number	 00000004h   
WriteConsoleOutputCharacter  . .	Text   	 WriteConsoleOutputCharacterA
WriteConsole . . . . . . . . . .	Text   	 WriteConsoleA
black  . . . . . . . . . . . . .	Number	 00000000h   
blue . . . . . . . . . . . . . .	Number	 00000001h   
brown  . . . . . . . . . . . . .	Number	 00000006h   
bufColor . . . . . . . . . . . .	Byte	 00001F42 _DATA	
bufCursorX . . . . . . . . . . .	Byte	 00001F40 _DATA	
bufCursorY . . . . . . . . . . .	Byte	 00001F41 _DATA	
currState  . . . . . . . . . . .	Byte	 00000000 FLAT	External STDCALL
cyan . . . . . . . . . . . . . .	Number	 00000003h   
decScratch . . . . . . . . . . .	Byte	 00002822 _DATA	
exit . . . . . . . . . . . . . .	Text   	 INVOKE ExitProcess,0
gray . . . . . . . . . . . . . .	Number	 00000008h   
green  . . . . . . . . . . . . .	Number	 00000002h   
hBorderLeft  . . . . . . . . . .	Byte	 00001FF1 _DATA	
hBorder  . . . . . . . . . . . .	Byte	 00001F53 _DATA	
lightBlue  . . . . . . . . . . .	Number	 00000009h   
lightCyan  . . . . . . . . . . .	Number	 0000000Bh   
lightGray  . . . . . . . . . . .	Number	 00000007h   
lightGreen . . . . . . . . . . .	Number	 0000000Ah   
lightMagenta . . . . . . . . . .	Number	 0000000Dh   
lightRed . . . . . . . . . . . .	Number	 0000000Ch   
magenta  . . . . . . . . . . . .	Number	 00000005h   
red  . . . . . . . . . . . . . .	Number	 00000004h   
scBuffer . . . . . . . . . . . .	Byte	 00002052 _DATA	
scTextFile . . . . . . . . . . .	Byte	 00002041 _DATA	
screenBuffer . . . . . . . . . .	Byte	 00000000 _DATA	
vBorderLeft  . . . . . . . . . .	Byte	 00002019 _DATA	
vBorder  . . . . . . . . . . . .	Byte	 00001FA2 _DATA	
wcoBufCoord  . . . . . . . . . .	Word	 00001F47 _DATA	
wcoBufSize . . . . . . . . . . .	Word	 00001F43 _DATA	
wcoWriteRegion . . . . . . . . .	Word	 00001F4B _DATA	
white  . . . . . . . . . . . . .	Number	 0000000Fh   
wsprintf . . . . . . . . . . . .	Text   	 wsprintfA
yellow . . . . . . . . . . . . .	Number	 0000000Eh   

	   0 Warnings
	   0 Errors
